
> @posmul/posmul-web@0.1.0 test C:\G\posmul\apps\posmul-web
> jest --passWithNoTests

node.exe : PASS src/bo
unded-contexts/economy
/domain/services/__tes
ts__/behavioral-econom
ics.service.test.ts
위치 C:\nvm4w\nodejs\pnp
m.ps1:16 문자:5
+     & "$basedir/node
$exe"  "$basedir/node_
modules/pnpm/bin/pnpm.
cjs"  ...
+     ~~~~~~~~~~~~~~~~
~~~~~~~~~~~~~~~~~~~~~~
~~~~~~~~~~~~~~~~~~~~~~
~~~~~
    + CategoryInfo    
          : NotSpeci  
  fied: (PASS src/b   
 ounde...service.t    
est.ts:String) []    ,
 RemoteException
    + FullyQualifiedE 
   rrorId : NativeCo  
  mmandError
 
PASS src/bounded-conte
xts/donation/domain/en
tities/__tests__/donat
ion.entity.test.ts
PASS src/bounded-conte
xts/forum/domain/entit
ies/__tests__/comment.
entity.test.ts
PASS src/bounded-conte
xts/economy/domain/ser
vices/__tests__/agency
-theory.service.test.t
s
PASS src/bounded-conte
xts/forum/domain/entit
ies/__tests__/post.ent
ity.test.ts
PASS src/bounded-conte
xts/economy/infrastruc
ture/__tests__/economy
-infrastructure.test.t
s
PASS src/bounded-conte
xts/economy/domain/ser
vices/__tests__/public
-choice-engine.service
.test.ts
FAIL src/bounded-conte
xts/donation/applicati
on/use-cases/create-do
nation.use-case.test.t
s
  ??CreateDonationUseC
ase ???깃났 耳?댁뒪 ???좏슚?
?Direct 湲곕? ?붿껌 ???깃났?
댁빞 ?쒕떎

    expect(received).t
oBe(expected) // Objec
t.is equality

    Expected: true
    Received: false

    [0m [90m 110 |[
39m
     [90m 111 |[39m 
      [90m// Then[39
m
    [31m[1m>[22m[3
9m[90m 112 |[39m    
   expect(result[33m.
[39msuccess)[33m.[3
9mtoBe([36mtrue[39m)
[33m;[39m
     [90m     |[39m 
                      
       [31m[1m^[22m
[39m
     [90m 113 |[39m 
      [36mif[39m (re
sult[33m.[39msuccess
) {
     [90m 114 |[39m 
        expect(result
[33m.[39mdata)[33m.
[39mtoEqual(mockDonati
on)[33m;[39m
     [90m 115 |[39m 
      }[0m

      at Object.<anony
mous> (src/bounded-con
texts/donation/applica
tion/use-cases/create-
donation.use-case.test
.ts:112:30)

  ??CreateDonationUseC
ase ???깃났 耳?댁뒪 ???ㅼ?以
꾨맂 湲곕? ?붿껌 ???깃났?댁빞 ?쒕
떎

    expect(received).t
oBe(expected) // Objec
t.is equality

    Expected: true
    Received: false

    [0m [90m 161 |[
39m
     [90m 162 |[39m 
      [90m// Then[39
m
    [31m[1m>[22m[3
9m[90m 163 |[39m    
   expect(result[33m.
[39msuccess)[33m.[3
9mtoBe([36mtrue[39m)
[33m;[39m
     [90m     |[39m 
                      
       [31m[1m^[22m
[39m
     [90m 164 |[39m 
      [36mif[39m (re
sult[33m.[39msuccess
) {
     [90m 165 |[39m 
        expect(result
[33m.[39mdata[33m.[
39mscheduledAt)[33m.
[39mtoEqual(scheduledA
t)[33m;[39m
     [90m 166 |[39m 
      }[0m

      at Object.<anony
mous> (src/bounded-con
texts/donation/applica
tion/use-cases/create-
donation.use-case.test
.ts:163:30)

  ??CreateDonationUseC
ase ???ㅽ뙣 耳?댁뒪 ??湲곕? 
湲덉븸 寃利??ㅽ뙣 ???먮윭瑜?諛섑솚
?댁빞 ?쒕떎

    expect(received).t
oBe(expected) // Objec
t.is equality

    Expected: "Insuffi
cient balance"
    Received: "Cannot 
read properties of und
efined (reading 'succe
ss')"

    [0m [90m 208 |[
39m       expect(resul
t[33m.[39msuccess)[
33m.[39mtoBe([36mfal
se[39m)[33m;[39m
     [90m 209 |[39m 
      [36mif[39m ([
33m![39mresult[33m.
[39msuccess) {
    [31m[1m>[22m[3
9m[90m 210 |[39m    
     expect(result[33
m.[39merror[33m.[39
mmessage)[33m.[39mto
Be([32m"Insufficient 
balance"[39m)[33m;[
39m
     [90m     |[39m 
                      
               [31m[
1m^[22m[39m
     [90m 211 |[39m 
      }
     [90m 212 |[39m 
    })[33m;[39m
     [90m 213 |[39m
[0m

      at Object.<anony
mous> (src/bounded-con
texts/donation/applica
tion/use-cases/create-
donation.use-case.test
.ts:210:38)

  ??CreateDonationUseC
ase ???ㅽ뙣 耳?댁뒪 ??湲곕? 
?앹꽦 ?ㅽ뙣 ???먮윭瑜?諛섑솚?댁빞 
?쒕떎

    expect(received).t
oBe(expected) // Objec
t.is equality

    Expected: "Donatio
n creation failed"
    Received: "Cannot 
read properties of und
efined (reading 'succe
ss')"

    [0m [90m 233 |[
39m       expect(resul
t[33m.[39msuccess)[
33m.[39mtoBe([36mfal
se[39m)[33m;[39m
     [90m 234 |[39m 
      [36mif[39m ([
33m![39mresult[33m.
[39msuccess) {
    [31m[1m>[22m[3
9m[90m 235 |[39m    
     expect(result[33
m.[39merror[33m.[39
mmessage)[33m.[39mto
Be([32m"Donation crea
tion failed"[39m)[33
m;[39m
     [90m     |[39m 
                      
               [31m[
1m^[22m[39m
     [90m 236 |[39m 
      }
     [90m 237 |[39m 
    })[33m;[39m
     [90m 238 |[39m
[0m

      at Object.<anony
mous> (src/bounded-con
texts/donation/applica
tion/use-cases/create-
donation.use-case.test
.ts:235:38)

  ??CreateDonationUseC
ase ???ㅽ뙣 耳?댁뒪 ????μ
냼 ????ㅽ뙣 ???먮윭瑜?諛섑솚?댁
빞 ?쒕떎

    expect(received).t
oBe(expected) // Objec
t.is equality

    Expected: "Databas
e save failed"
    Received: "Cannot 
read properties of und
efined (reading 'succe
ss')"

    [0m [90m 271 |[
39m       expect(resul
t[33m.[39msuccess)[
33m.[39mtoBe([36mfal
se[39m)[33m;[39m
     [90m 272 |[39m 
      [36mif[39m ([
33m![39mresult[33m.
[39msuccess) {
    [31m[1m>[22m[3
9m[90m 273 |[39m    
     expect(result[33
m.[39merror[33m.[39
mmessage)[33m.[39mto
Be([32m"Database save
 failed"[39m)[33m;[
39m
     [90m     |[39m 
                      
               [31m[
1m^[22m[39m
     [90m 274 |[39m 
      }
     [90m 275 |[39m 
    })[33m;[39m
     [90m 276 |[39m
[0m

      at Object.<anony
mous> (src/bounded-con
texts/donation/applica
tion/use-cases/create-
donation.use-case.test
.ts:273:38)

  ??CreateDonationUseC
ase ???ㅽ뙣 耳?댁뒪 ???덇린移
??딆? ?먮윭 諛쒖깮 ???곸젅???먮
윭 硫붿떆吏瑜?諛섑솚?댁빞 ?쒕떎

    expect(received).t
oBe(expected) // Objec
t.is equality

    Expected: "Unexpec
ted error"
    Received: "Cannot 
read properties of und
efined (reading 'succe
ss')"

    [0m [90m 292 |[
39m       expect(resul
t[33m.[39msuccess)[
33m.[39mtoBe([36mfal
se[39m)[33m;[39m
     [90m 293 |[39m 
      [36mif[39m ([
33m![39mresult[33m.
[39msuccess) {
    [31m[1m>[22m[3
9m[90m 294 |[39m    
     expect(result[33
m.[39merror[33m.[39
mmessage)[33m.[39mto
Be([32m"Unexpected er
ror"[39m)[33m;[39m
     [90m     |[39m 
                      
               [31m[
1m^[22m[39m
     [90m 295 |[39m 
      }
     [90m 296 |[39m 
    })[33m;[39m
     [90m 297 |[39m 
  })[33m;[39m[0m

      at Object.<anony
mous> (src/bounded-con
texts/donation/applica
tion/use-cases/create-
donation.use-case.test
.ts:294:38)

  ??CreateDonationUseC
ase ??湲곕? ??낅퀎 泥섎━ ??
Institute 湲곕? ??낆뿉 ?
???щ컮瑜닿쾶 泥섎━?댁빞 ?쒕떎

    expect(received).t
oBe(expected) // Objec
t.is equality

    Expected: true
    Received: false

    [0m [90m 352 |[
39m
     [90m 353 |[39m 
      [90m// Then[39
m
    [31m[1m>[22m[3
9m[90m 354 |[39m    
   expect(result[33m.
[39msuccess)[33m.[3
9mtoBe([36mtrue[39m)
[33m;[39m
     [90m     |[39m 
                      
       [31m[1m^[22m
[39m
     [90m 355 |[39m 
      expect(mockInsti
tuteRepository[33m.[
39mfindById)[33m.[39
mtoHaveBeenCalledWith(
     [90m 356 |[39m 
        [32m"institut
e-123"[39m
     [90m 357 |[39m 
      )[33m;[39m[0m

      at Object.<anony
mous> (src/bounded-con
texts/donation/applica
tion/use-cases/create-
donation.use-case.test
.ts:354:30)

  ??CreateDonationUseC
ase ??湲곕? ??낅퀎 泥섎━ ??
Opinion Leader 湲곕? ??
낆뿉 ????щ컮瑜닿쾶 泥섎━?댁빞 ?
쒕떎

    expect(received).t
oBe(expected) // Objec
t.is equality

    Expected: true
    Received: false

    [0m [90m 412 |[
39m
     [90m 413 |[39m 
      [90m// Then[39
m
    [31m[1m>[22m[3
9m[90m 414 |[39m    
   expect(result[33m.
[39msuccess)[33m.[3
9mtoBe([36mtrue[39m)
[33m;[39m
     [90m     |[39m 
                      
       [31m[1m^[22m
[39m
     [90m 415 |[39m 
      expect(mockOpini
onLeaderRepository[33
m.[39mfindById)[33m.
[39mtoHaveBeenCalledW
ith(
     [90m 416 |[39m 
        [32m"leader-1
23"[39m
     [90m 417 |[39m 
      )[33m;[39m[0m

      at Object.<anony
mous> (src/bounded-con
texts/donation/applica
tion/use-cases/create-
donation.use-case.test
.ts:414:30)

  ??CreateDonationUseC
ase ??硫뷀??곗씠??泥섎━ ???듬
챸 湲곕? 硫뷀??곗씠?곕? ?щ컮瑜닿쾶
 泥섎━?댁빞 ?쒕떎

    expect(received).t
oBe(expected) // Objec
t.is equality

    Expected: true
    Received: false

    [0m [90m 470 |[
39m
     [90m 471 |[39m 
      [90m// Then[39
m
    [31m[1m>[22m[3
9m[90m 472 |[39m    
   expect(result[33m.
[39msuccess)[33m.[3
9mtoBe([36mtrue[39m)
[33m;[39m
     [90m     |[39m 
                      
       [31m[1m^[22m
[39m
     [90m 473 |[39m 
      [36mif[39m (re
sult[33m.[39msuccess
) {
     [90m 474 |[39m 
        expect(result
[33m.[39mdata[33m.[
39mmetadata[33m.[39m
isAnonymous)[33m.[39
mtoBe([36mtrue[39m)
[33m;[39m
     [90m 475 |[39m 
        expect(result
[33m.[39mdata[33m.[
39mmetadata[33m.[39m
message)[33m.[39mtoB
e([32m"?듬챸 湲곕??낅땲??"
[39m)[33m;[39m[0m

      at Object.<anony
mous> (src/bounded-con
texts/donation/applica
tion/use-cases/create-
donation.use-case.test
.ts:472:30)

PASS src/bounded-conte
xts/auth/domain/entiti
es/__tests__/user.enti
ty.test.ts
FAIL src/bounded-conte
xts/donation/applicati
on/services/donation.a
pplication-service.tes
t.ts
  ??DonationApplicatio
nService ??getDonation
s ???ъ슜?먯쓽 湲곕? 紐⑸줉???щ
컮瑜닿쾶 諛섑솚?댁빞 ?쒕떎

    TypeError: Cannot 
read properties of und
efined (reading 'map')

    [0m [90m 124 |[
39m     }
     [90m 125 |[39m
    [31m[1m>[22m[3
9m[90m 126 |[39m    
 [36mconst[39m mappe
dData [33m=[39m resu
lt[33m.[39mdata[33m
.[39mitems[33m.[39m
map((donation) [33m=>
[39m
     [90m     |[39m 
                      
                   [3
1m[1m^[22m[39m
     [90m 127 |[39m 
      [36mthis[39m[
33m.[39mmapDonationTo
Response(donation)
     [90m 128 |[39m 
    )[33m;[39m
     [90m 129 |[39m
[0m

      at DonationAppli
cationService.getDonat
ionsByDonor (src/bound
ed-contexts/donation/a
pplication/services/do
nation.application-ser
vice.ts:126:42)

  ??DonationApplicatio
nService ??getDonation
ById ???뱀젙 湲곕?瑜??щ컮瑜닿쾶
 諛섑솚?댁빞 ?쒕떎

    expect(received).t
oEqual(expected) // de
ep equality

    - Expected  - 19
    + Received  + 18

      Object {
        "amount": 1000
0,
    -   "createdAt": 2
024-01-01T00:00:00.000
Z,
    +   "beneficiaryIn
fo": undefined,
    +   "cancelledAt":
 undefined,
    +   "category": "S
OCIAL",
    +   "completedAt":
 "2024-01-01T00:00:00.
000Z",
    +   "createdAt": "
2024-01-01T00:00:00.00
0Z",
    +   "description":
 "?뚯뒪??湲곕?",
        "donorId": "us
er-123",
    -   "getAmount": [
Function getAmount],
    -   "getBeneficiar
yInfo": [Function getB
eneficiaryInfo],
    -   "getCancelledA
t": [Function getCance
lledAt],
    -   "getCategory":
 [Function getCategory
],
    -   "getCompletedA
t": [Function getCompl
etedAt],
    -   "getCreatedAt"
: [Function getCreated
At],
    -   "getDescriptio
n": [Function getDescr
iption],
    -   "getDonationTy
pe": [Function getDona
tionType],
    -   "getDonorId": 
[Function getDonorId],
    -   "getFrequency"
: [Function getFrequen
cy],
    -   "getId": [Func
tion getId],
    -   "getInstituteI
d": [Function getInsti
tuteId],
    -   "getMetadata":
 [Function getMetadata
],
    -   "getOpinionLea
derId": [Function getO
pinionLeaderId],
    -   "getProcessing
Info": [Function getPr
ocessingInfo],
    -   "getScheduledA
t": [Function getSched
uledAt],
    -   "getStatus": [
Function getStatus],
    -   "getUpdatedAt"
: [Function getUpdated
At],
    +   "frequency": "
ONE_TIME",
        "id": "donatio
n-1",
    +   "instituteId":
 undefined,
    +   "metadata": Ob
ject {},
    +   "opinionLeader
Id": undefined,
    +   "processingInf
o": Object {
    +     "processedAt
": undefined,
    +     "processedBy
": undefined,
    +     "receiptUrl"
: undefined,
    +     "transaction
Id": undefined,
    +   },
    +   "scheduledAt":
 undefined,
        "status": "COM
PLETED",
        "type": "DIREC
T",
    +   "updatedAt": "
2024-01-01T00:00:00.00
0Z",
      }

    [0m [90m 189 |[
39m       expect(resul
t[33m.[39msuccess)[
33m.[39mtoBe([36mtru
e[39m)[33m;[39m
     [90m 190 |[39m 
      [36mif[39m (re
sult[33m.[39msuccess
) {
    [31m[1m>[22m[3
9m[90m 191 |[39m    
     expect(result[33
m.[39mdata)[33m.[39
mtoEqual(mockDonation)
[33m;[39m
     [90m     |[39m 
                      
      [31m[1m^[22m
[39m
     [90m 192 |[39m 
      }
     [90m 193 |[39m
     [90m 194 |[39m 
      expect(mockDonat
ionRepository[33m.[3
9mfindById)[33m.[39m
toHaveBeenCalledWith(d
onationId)[33m;[39m
[0m

      at Object.<anony
mous> (src/bounded-con
texts/donation/applica
tion/services/donation
.application-service.t
est.ts:191:29)

  ??DonationApplicatio
nService ??searchDonat
ions ??寃??議곌굔??留욌뒗 湲곕
? 紐⑸줉??諛섑솚?댁빞 ?쒕떎

    TypeError: Cannot 
read properties of und
efined (reading 'succe
ss')

    [0m [90m 32 |[3
9m   result[33m:[39m
 [33mResult[39m[33m
<[39m[33mT[39m[33m
,[39m [33mE[39m[33
m>[39m
     [90m 33 |[39m )
[33m:[39m result is 
{ success[33m:[39m 
[36mfalse[39m[33m;[
39m error[33m:[39m 
[33mE[39m } {
    [31m[1m>[22m[3
9m[90m 34 |[39m   [
36mreturn[39m [33m!
[39mresult[33m.[39ms
uccess[33m;[39m
     [90m    |[39m  
                [31m
[1m^[22m[39m
     [90m 35 |[39m }
     [90m 36 |[39m
     [90m 37 |[39m 
[36mexport[39m [36mf
unction[39m isSuccess
[33m<[39m[33mT[39m
[33m,[39m [33mE[39
m[33m>[39m([0m

      at isFailure (..
/../packages/auth-econ
omy-sdk/src/types/inde
x.ts:34:18)
      at DonationAppli
cationService.searchDo
nations (src/bounded-c
ontexts/donation/appli
cation/services/donati
on.application-service
.ts:180:18)
      at Object.<anony
mous> (src/bounded-con
texts/donation/applica
tion/services/donation
.application-service.t
est.ts:244:22)

  ??DonationApplicatio
nService ??searchDonat
ions ??寃???ㅽ뙣 ???먮윭瑜?
諛섑솚?댁빞 ?쒕떎

    TypeError: Cannot 
read properties of und
efined (reading 'succe
ss')

    [0m [90m 32 |[3
9m   result[33m:[39m
 [33mResult[39m[33m
<[39m[33mT[39m[33m
,[39m [33mE[39m[33
m>[39m
     [90m 33 |[39m )
[33m:[39m result is 
{ success[33m:[39m 
[36mfalse[39m[33m;[
39m error[33m:[39m 
[33mE[39m } {
    [31m[1m>[22m[3
9m[90m 34 |[39m   [
36mreturn[39m [33m!
[39mresult[33m.[39ms
uccess[33m;[39m
     [90m    |[39m  
                [31m
[1m^[22m[39m
     [90m 35 |[39m }
     [90m 36 |[39m
     [90m 37 |[39m 
[36mexport[39m [36mf
unction[39m isSuccess
[33m<[39m[33mT[39m
[33m,[39m [33mE[39
m[33m>[39m([0m

      at isFailure (..
/../packages/auth-econ
omy-sdk/src/types/inde
x.ts:34:18)
      at DonationAppli
cationService.searchDo
nations (src/bounded-c
ontexts/donation/appli
cation/services/donati
on.application-service
.ts:180:18)
      at Object.<anony
mous> (src/bounded-con
texts/donation/applica
tion/services/donation
.application-service.t
est.ts:273:22)

  ??DonationApplicatio
nService ??getDonation
Stats ??湲곕? ?듦퀎瑜??щ컮瑜닿
쾶 怨꾩궛?댁빞 ?쒕떎

    TypeError: Cannot 
read properties of und
efined (reading 'succe
ss')

    [0m [90m 298 |[
39m     )[33m;[39m
     [90m 299 |[39m
    [31m[1m>[22m[3
9m[90m 300 |[39m    
 [36mif[39m ([33m!
[39mstatsResult[33m.
[39msuccess) {
     [90m     |[39m 
                     
[31m[1m^[22m[39m
     [90m 301 |[39m 
      [36mreturn[39m
 {
     [90m 302 |[39m 
        success[33m:
[39m [36mfalse[39m[
33m,[39m
     [90m 303 |[39m 
        error[33m:[3
9m [36mnew[39m [33m
Error[39m([32m"湲곕? ?
듦퀎 議고쉶???ㅽ뙣?덉뒿?덈떎."[3
9m)[33m,[39m[0m

      at DonationAppli
cationService.getDonat
ionStats (src/bounded-
contexts/donation/appl
ication/services/donat
ion.application-servic
e.ts:300:22)
      at Object.<anony
mous> (src/bounded-con
texts/donation/applica
tion/services/donation
.application-service.t
est.ts:294:22)

  ??DonationApplicatio
nService ??getDonation
Stats ??湲곕? ?듦퀎 怨꾩궛 ?ㅽ
뙣 ???먮윭瑜?諛섑솚?댁빞 ?쒕떎

    TypeError: Cannot 
read properties of und
efined (reading 'succe
ss')

    [0m [90m 298 |[
39m     )[33m;[39m
     [90m 299 |[39m
    [31m[1m>[22m[3
9m[90m 300 |[39m    
 [36mif[39m ([33m!
[39mstatsResult[33m.
[39msuccess) {
     [90m     |[39m 
                     
[31m[1m^[22m[39m
     [90m 301 |[39m 
      [36mreturn[39m
 {
     [90m 302 |[39m 
        success[33m:
[39m [36mfalse[39m[
33m,[39m
     [90m 303 |[39m 
        error[33m:[3
9m [36mnew[39m [33m
Error[39m([32m"湲곕? ?
듦퀎 議고쉶???ㅽ뙣?덉뒿?덈떎."[3
9m)[33m,[39m[0m

      at DonationAppli
cationService.getDonat
ionStats (src/bounded-
contexts/donation/appl
ication/services/donat
ion.application-servic
e.ts:300:22)
      at Object.<anony
mous> (src/bounded-con
texts/donation/applica
tion/services/donation
.application-service.t
est.ts:316:22)

  ??DonationApplicatio
nService ??createDonat
ion ??湲곕? ?앹꽦 ?좎뒪耳?댁뒪
瑜??щ컮瑜닿쾶 ?몄텧?댁빞 ?쒕떎

    TypeError: donatio
n.getId is not a funct
ion

    [0m [90m 542 |[
39m   [36mprivate[39
m mapDonationToRespons
e(donation[33m:[39m 
[33mDonation[39m)[3
3m:[39m [33mDonation
Response[39m {
     [90m 543 |[39m 
    [36mreturn[39m {
    [31m[1m>[22m[3
9m[90m 544 |[39m    
   id[33m:[39m donat
ion[33m.[39mgetId()
[33m.[39mgetValue()[
33m,[39m
     [90m     |[39m 
                   [3
1m[1m^[22m[39m
     [90m 545 |[39m 
      donorId[33m:[3
9m donation[33m.[39m
getDonorId()[33m.[39
mtoString()[33m,[39m
     [90m 546 |[39m 
      type[33m:[39m 
donation[33m.[39mget
DonationType()[33m,[
39m
     [90m 547 |[39m 
      amount[33m:[39
m donation[33m.[39mg
etAmount()[33m.[39mg
etValue()[33m,[39m[
0m

      at DonationAppli
cationService.mapDonat
ionToResponse (src/bou
nded-contexts/donation
/application/services/
donation.application-s
ervice.ts:544:20)
      at DonationAppli
cationService.createDo
nation (src/bounded-co
ntexts/donation/applic
ation/services/donatio
n.application-service.
ts:74:35)
      at Object.<anony
mous> (src/bounded-con
texts/donation/applica
tion/services/donation
.application-service.t
est.ts:354:22)

  ??DonationApplicatio
nService ??getInstitut
es ??紐⑤뱺 湲곌? 紐⑸줉??諛섑솚?
댁빞 ?쒕떎

    expect(received).t
oEqual(expected) // de
ep equality

    - Expected  - 12
    + Received  +  1

    - Array [
    -   Object {
    -     "category": 
"EDUCATION",
    -     "id": "inst-
1",
    -     "name": "Ins
titute 1",
    -   },
    -   Object {
    -     "category": 
"HEALTH",
    -     "id": "inst-
2",
    -     "name": "Ins
titute 2",
    -   },
    - ]
    + Array []

    [0m [90m 420 |[
39m       expect(resul
t[33m.[39msuccess)[
33m.[39mtoBe([36mtru
e[39m)[33m;[39m
     [90m 421 |[39m 
      [36mif[39m (re
sult[33m.[39msuccess
) {
    [31m[1m>[22m[3
9m[90m 422 |[39m    
     expect(result[33
m.[39mdata)[33m.[39
mtoEqual(mockInstitute
s)[33m;[39m
     [90m     |[39m 
                      
      [31m[1m^[22m
[39m
     [90m 423 |[39m 
      }
     [90m 424 |[39m
     [90m 425 |[39m 
      expect(mockInsti
tuteRepository[33m.[
39mfindAll)[33m.[39m
toHaveBeenCalled()[33
m;[39m[0m

      at Object.<anony
mous> (src/bounded-con
texts/donation/applica
tion/services/donation
.application-service.t
est.ts:422:29)

  ??DonationApplicatio
nService ??getOpinionL
eaders ??紐⑤뱺 ?ㅽ뵾?덉뼵 由щ
뜑 紐⑸줉??諛섑솚?댁빞 ?쒕떎

    expect(received).t
oEqual(expected) // de
ep equality

    - Expected  - 12
    + Received  +  1

    - Array [
    -   Object {
    -     "category": 
"EDUCATION",
    -     "id": "leade
r-1",
    -     "name": "Lea
der 1",
    -   },
    -   Object {
    -     "category": 
"ENVIRONMENT",
    -     "id": "leade
r-2",
    -     "name": "Lea
der 2",
    -   },
    - ]
    + Array []

    [0m [90m 446 |[
39m       expect(resul
t[33m.[39msuccess)[
33m.[39mtoBe([36mtru
e[39m)[33m;[39m
     [90m 447 |[39m 
      [36mif[39m (re
sult[33m.[39msuccess
) {
    [31m[1m>[22m[3
9m[90m 448 |[39m    
     expect(result[33
m.[39mdata)[33m.[39
mtoEqual(mockOpinionLe
aders)[33m;[39m
     [90m     |[39m 
                      
      [31m[1m^[22m
[39m
     [90m 449 |[39m 
      }
     [90m 450 |[39m
     [90m 451 |[39m 
      expect(mockOpini
onLeaderRepository[33
m.[39mfindAll)[33m.
[39mtoHaveBeenCalled()
[33m;[39m[0m

      at Object.<anony
mous> (src/bounded-con
texts/donation/applica
tion/services/donation
.application-service.t
est.ts:448:29)

  ??DonationApplicatio
nService ???덉쇅 泥섎━ ???
덇린移??딆? ?먮윭 諛쒖깮 ???곸젅?
?泥섎━?댁빞 ?쒕떎

    Unexpected error

    [0m [90m 459 |[
39m
     [90m 460 |[39m 
      mockDonationRepo
sitory[33m.[39mfindB
yDonorId[33m.[39mmoc
kImplementation(() [3
3m=>[39m {
    [31m[1m>[22m[3
9m[90m 461 |[39m    
     [36mthrow[39m 
[36mnew[39m [33mErro
r[39m([32m"Unexpecte
d error"[39m)[33m;[
39m
     [90m     |[39m 
              [31m[1
m^[22m[39m
     [90m 462 |[39m 
      })[33m;[39m
     [90m 463 |[39m
     [90m 464 |[39m 
      [90m// When[39
m[0m

      at Object.<anony
mous> (src/bounded-con
texts/donation/applica
tion/services/donation
.application-service.t
est.ts:461:15)
      at DonationAppli
cationService.getDonat
ionsByDonor (src/bound
ed-contexts/donation/a
pplication/services/do
nation.application-ser
vice.ts:117:50)
      at DonationAppli
cationService.getDonat
ions (src/bounded-cont
exts/donation/applicat
ion/services/donation.
application-service.ts
:107:17)
      at Object.<anony
mous> (src/bounded-con
texts/donation/applica
tion/services/donation
.application-service.t
est.ts:465:36)

PASS src/bounded-conte
xts/economy/domain/ser
vices/__tests__/capm-e
ngine.service.test.ts
Exception in PromiseRe
jectCallback:
C:\G\posmul\apps\posmu
l-web\src\shared\mcp\s
upabase-client.ts:34
            throw new 
mcp_errors_1.SupabaseM
CPError(`Failed to exe
cute SQL query`, this.
projectId, query, new 
Error(error instanceof
 Error ? error.message
 : String(error)));
            ^

RangeError: Maximum ca
ll stack size exceeded

PASS src/bounded-conte
xts/economy/domain/ser
vices/__tests__/networ
k-economics-basic.serv
ice.test.ts
PASS src/bounded-conte
xts/economy/domain/ser
vices/__tests__/utilit
y-function-estimation-
simple.test.ts
PASS src/bounded-conte
xts/economy/applicatio
n/services/__tests__/e
conometric-analysis-se
rvices.test.ts
PASS src/bounded-conte
xts/economy/applicatio
n/services/__tests__/a
b-testing-analysis.ser
vice.test.ts
PASS src/bounded-conte
xts/economy/applicatio
n/services/__tests__/e
conomic-forecasting.se
rvice.test.ts
FAIL src/bounded-conte
xts/prediction/domain/
entities/__tests__/pre
diction-game.aggregate
.test.ts
  ??PredictionGame Agg
regate ??Aggregate Cre
ation ???щ컮瑜??곗씠?곕줈 ?덉
륫 寃뚯엫???앹꽦?????덈떎

    expect(received).t
oBe(expected) // Objec
t.is equality

    Expected: "test-ga
me-1763724188711"
    Received: "bfcd9ea
2-1e74-49d7-9ad4-aa46c
b8c2c35"

    [0m [90m 65 |[3
9m       expect(result
[33m.[39msuccess)[3
3m.[39mtoBe([36mtrue
[39m)[33m;[39m
     [90m 66 |[39m  
     [36mif[39m (res
ult[33m.[39msuccess)
 {
    [31m[1m>[22m[3
9m[90m 67 |[39m     
    expect(result[33m
.[39mdata[33m.[39mg
etId())[33m.[39mtoBe
(gameId)[33m;[39m
     [90m    |[39m  
                      
             [31m[1m
^[22m[39m
     [90m 68 |[39m  
       expect(result[
33m.[39mdata[33m.[3
9mgetTitle())[33m.[3
9mtoBe([32m"Test Pred
iction Game"[39m)[33
m;[39m
     [90m 69 |[39m  
       expect(result[
33m.[39mdata[33m.[3
9mgetStatus())[33m.[
39mtoBe([33mGameStatu
s[39m[33m.[39m[33m
PENDING[39m)[33m;[3
9m
     [90m 70 |[39m  
     }[0m

      at Object.<anony
mous> (src/bounded-con
texts/prediction/domai
n/entities/__tests__/p
rediction-game.aggrega
te.test.ts:67:37)

  ??PredictionGame Agg
regate ??Aggregate Cre
ation ??理쒖냼 ?ㅽ뀒?댄겕媛 理
쒕? ?ㅽ뀒?댄겕蹂대떎 ?щ㈃ 寃뚯엫??
?앹꽦?????녿떎

    expect(received).t
oBe(expected) // Objec
t.is equality

    Expected: false
    Received: true

    [0m [90m 113 |[
39m
     [90m 114 |[39m 
      [90m// Then[39
m
    [31m[1m>[22m[3
9m[90m 115 |[39m    
   expect(result[33m.
[39msuccess)[33m.[3
9mtoBe([36mfalse[39m
)[33m;[39m
     [90m     |[39m 
                      
       [31m[1m^[22m
[39m
     [90m 116 |[39m 
    })[33m;[39m
     [90m 117 |[39m 
  })[33m;[39m
     [90m 118 |[39m
[0m

      at Object.<anony
mous> (src/bounded-con
texts/prediction/domai
n/entities/__tests__/p
rediction-game.aggrega
te.test.ts:115:30)

  ??PredictionGame Agg
regate ??Prediction Ma
nagement ???쒖꽦 寃뚯엫???덉
륫??異붽??????덈떎

    TypeError: game.ge
tPredictions is not a 
function

    [0m [90m 195 |[
39m       [90m// Then
[39m
     [90m 196 |[39m 
      expect(result[3
3m.[39msuccess)[33m.
[39mtoBe([36mtrue[3
9m)[33m;[39m
    [31m[1m>[22m[3
9m[90m 197 |[39m    
   expect(game[33m.[
39mgetPredictions())[
33m.[39mtoHaveLength(
[35m1[39m)[33m;[39
m
     [90m     |[39m 
                  [31
m[1m^[22m[39m
     [90m 198 |[39m 
    })[33m;[39m
     [90m 199 |[39m
     [90m 200 |[39m 
    it([32m"鍮꾪솢??寃뚯엫?
먮뒗 ?덉륫??異붽??????녿떎"[3
9m[33m,[39m () [33m
=>[39m {[0m

      at Object.<anony
mous> (src/bounded-con
texts/prediction/domai
n/entities/__tests__/p
rediction-game.aggrega
te.test.ts:197:19)

  ??PredictionGame Agg
regate ??Prediction Ma
nagement ??理쒖냼 ?ㅽ뀒?댄겕蹂
대떎 ?곸? 湲덉븸?쇰줈???덉륫????
?녿떎

    expect(received).t
oBe(expected) // Objec
t.is equality

    Expected: false
    Received: true

    [0m [90m 228 |[
39m
     [90m 229 |[39m 
      [90m// Then[39
m
    [31m[1m>[22m[3
9m[90m 230 |[39m    
   expect(result[33m.
[39msuccess)[33m.[3
9mtoBe([36mfalse[39m
)[33m;[39m
     [90m     |[39m 
                      
       [31m[1m^[22m
[39m
     [90m 231 |[39m 
    })[33m;[39m
     [90m 232 |[39m
     [90m 233 |[39m 
    it([32m"理쒕? ?ㅽ뀒?댄
겕蹂대떎 留롮? 湲덉븸?쇰줈???덉륫??
???녿떎"[39m[33m,[39m
 () [33m=>[39m {[0m

      at Object.<anony
mous> (src/bounded-con
texts/prediction/domai
n/entities/__tests__/p
rediction-game.aggrega
te.test.ts:230:30)

  ??PredictionGame Agg
regate ??Prediction Ma
nagement ??理쒕? ?ㅽ뀒?댄겕蹂
대떎 留롮? 湲덉븸?쇰줈???덉륫????
?녿떎

    expect(received).t
oBe(expected) // Objec
t.is equality

    Expected: false
    Received: true

    [0m [90m 244 |[
39m
     [90m 245 |[39m 
      [90m// Then[39
m
    [31m[1m>[22m[3
9m[90m 246 |[39m    
   expect(result[33m.
[39msuccess)[33m.[3
9mtoBe([36mfalse[39m
)[33m;[39m
     [90m     |[39m 
                      
       [31m[1m^[22m
[39m
     [90m 247 |[39m 
    })[33m;[39m
     [90m 248 |[39m 
  })[33m;[39m
     [90m 249 |[39m
[0m

      at Object.<anony
mous> (src/bounded-con
texts/prediction/domai
n/entities/__tests__/p
rediction-game.aggrega
te.test.ts:246:30)

  ??PredictionGame Agg
regate ??Game Settleme
nt ??寃뚯엫???뺤궛?????덈떎

    TypeError: predict
ion.setResult is not a
 function

    [0m [90m 190 |[
39m
     [90m 191 |[39m 
    [36mfor[39m ([3
6mconst[39m predictio
n [36mof[39m losingP
redictions) {
    [31m[1m>[22m[3
9m[90m 192 |[39m    
   prediction[33m.[3
9msetResult({
     [90m     |[39m 
                 [31m
[1m^[22m[39m
     [90m 193 |[39m 
        result[33m:[
39m [33mPredictionRes
ultEnum[39m[33m.[39
m[33mINCORRECT[39m[
33m,[39m
     [90m 194 |[39m 
        accuracyScore
[33m:[39m [35m0[39m
 [36mas[39m [33mAcc
uracyScore[39m[33m,
[39m
     [90m 195 |[39m 
        reward[33m:[
39m createPmpAmount([
35m0[39m) [36mas[39
m any[33m,[39m[0m

      at PredictionGam
e.settle (src/bounded-
contexts/prediction/do
main/entities/predicti
on-game.aggregate.ts:1
92:18)
      at Object.<anony
mous> (src/bounded-con
texts/prediction/domai
n/entities/__tests__/p
rediction-game.aggrega
te.test.ts:281:27)

  ??PredictionGame Agg
regate ??Game Settleme
nt ???섎せ??寃곌낵濡쒕뒗 ?뺤궛??
???녿떎

    TypeError: predict
ion.setResult is not a
 function

    [0m [90m 190 |[
39m
     [90m 191 |[39m 
    [36mfor[39m ([3
6mconst[39m predictio
n [36mof[39m losingP
redictions) {
    [31m[1m>[22m[3
9m[90m 192 |[39m    
   prediction[33m.[3
9msetResult({
     [90m     |[39m 
                 [31m
[1m^[22m[39m
     [90m 193 |[39m 
        result[33m:[
39m [33mPredictionRes
ultEnum[39m[33m.[39
m[33mINCORRECT[39m[
33m,[39m
     [90m 194 |[39m 
        accuracyScore
[33m:[39m [35m0[39m
 [36mas[39m [33mAcc
uracyScore[39m[33m,
[39m
     [90m 195 |[39m 
        reward[33m:[
39m createPmpAmount([
35m0[39m) [36mas[39
m any[33m,[39m[0m

      at PredictionGam
e.settle (src/bounded-
contexts/prediction/do
main/entities/predicti
on-game.aggregate.ts:1
92:18)
      at Object.<anony
mous> (src/bounded-con
texts/prediction/domai
n/entities/__tests__/p
rediction-game.aggrega
te.test.ts:305:27)

  ??PredictionGame Agg
regate ??Domain Events
 ??寃뚯엫 ?앹꽦???꾨찓???대깽?멸
? 諛쒖깮?쒕떎

    expect(received).t
oHaveLength(expected)

    Expected length: 1
    Received length: 0
    Received array:  [
]

    [0m [90m 326 |[
39m
     [90m 327 |[39m 
      [90m// Then[39
m
    [31m[1m>[22m[3
9m[90m 328 |[39m    
   expect(events)[33m
.[39mtoHaveLength([3
5m1[39m)[33m;[39m
     [90m     |[39m 
                     
[31m[1m^[22m[39m
     [90m 329 |[39m 
      expect(events[[
35m0[39m][33m.[39ma
ggregateId)[33m.[39m
toBe(gameId)[33m;[39
m
     [90m 330 |[39m 
    })[33m;[39m
     [90m 331 |[39m
[0m

      at Object.<anony
mous> (src/bounded-con
texts/prediction/domai
n/entities/__tests__/p
rediction-game.aggrega
te.test.ts:328:22)

  ??PredictionGame Agg
regate ??Domain Events
 ??寃뚯엫 ?쒖꽦?붿떆 ?꾨찓???대깽
?멸? 諛쒖깮?쒕떎

    expect(received).t
oHaveLength(expected)

    Expected length: 1
    Received length: 0
    Received array:  [
]

    [0m [90m 339 |[
39m
     [90m 340 |[39m 
      [90m// Then[39
m
    [31m[1m>[22m[3
9m[90m 341 |[39m    
   expect(events)[33m
.[39mtoHaveLength([3
5m1[39m)[33m;[39m
     [90m     |[39m 
                     
[31m[1m^[22m[39m
     [90m 342 |[39m 
    })[33m;[39m
     [90m 343 |[39m
     [90m 344 |[39m 
    it([32m"?덉륫 異붽???
?꾨찓???대깽?멸? 諛쒖깮?쒕떎"[3
9m[33m,[39m () [33m
=>[39m {[0m

      at Object.<anony
mous> (src/bounded-con
texts/prediction/domai
n/entities/__tests__/p
rediction-game.aggrega
te.test.ts:341:22)

  ??PredictionGame Agg
regate ??Domain Events
 ???덉륫 異붽????꾨찓???대깽?멸
? 諛쒖깮?쒕떎

    expect(received).t
oHaveLength(expected)

    Expected length: 1
    Received length: 0
    Received array:  [
]

    [0m [90m 357 |[
39m
     [90m 358 |[39m 
      [90m// Then[39
m
    [31m[1m>[22m[3
9m[90m 359 |[39m    
   expect(events)[33m
.[39mtoHaveLength([3
5m1[39m)[33m;[39m
     [90m     |[39m 
                     
[31m[1m^[22m[39m
     [90m 360 |[39m 
    })[33m;[39m
     [90m 361 |[39m 
  })[33m;[39m
     [90m 362 |[39m
[0m

      at Object.<anony
mous> (src/bounded-con
texts/prediction/domai
n/entities/__tests__/p
rediction-game.aggrega
te.test.ts:359:22)

  ??PredictionGame Agg
regate ??Business Rule
s ???숈씪 ?ъ슜?먮뒗 以묐났 ?덉륫
???????녿떎

    expect(received).t
oBe(expected) // Objec
t.is equality

    Expected: false
    Received: true

    [0m [90m 392 |[
39m
     [90m 393 |[39m 
      [90m// Then[39
m
    [31m[1m>[22m[3
9m[90m 394 |[39m    
   expect(result[33m.
[39msuccess)[33m.[3
9mtoBe([36mfalse[39m
)[33m;[39m
     [90m     |[39m 
                      
       [31m[1m^[22m
[39m
     [90m 395 |[39m 
      expect(game[33m
.[39mgetPredictions()
)[33m.[39mtoHaveLeng
th([35m1[39m)[33m;
[39m
     [90m 396 |[39m 
    })[33m;[39m
     [90m 397 |[39m
[0m

      at Object.<anony
mous> (src/bounded-con
texts/prediction/domai
n/entities/__tests__/p
rediction-game.aggrega
te.test.ts:394:30)

  ??PredictionGame Agg
regate ??Business Rule
s ??理쒕? 李몄뿬???섎? 珥덇낵??
???녿떎

    TypeError: limited
Game.data.getPredictio
ns is not a function

    [0m [90m 426 |[
39m         [90m// Th
en[39m
     [90m 427 |[39m 
        expect(result
[33m.[39msuccess)[33
m.[39mtoBe([36mfalse
[39m)[33m;[39m
    [31m[1m>[22m[3
9m[90m 428 |[39m    
     expect(limitedGam
e[33m.[39mdata[33m.
[39mgetPredictions())
[33m.[39mtoHaveLengt
h([35m1[39m)[33m;[
39m
     [90m     |[39m 
                      
          [31m[1m^[
22m[39m
     [90m 429 |[39m 
      }
     [90m 430 |[39m 
    })[33m;[39m
     [90m 431 |[39m 
  })[33m;[39m[0m

      at Object.<anony
mous> (src/bounded-con
texts/prediction/domai
n/entities/__tests__/p
rediction-game.aggrega
te.test.ts:428:33)

PASS src/bounded-conte
xts/economy/infrastruc
ture/repositories/__te
sts__/supabase-money-w
ave-history.repository
.test.ts
PASS src/bounded-conte
xts/auth/application/u
se-cases/sign-in.use-c
ase.test.ts
  ??Console

    console.warn
      Local user repos
itory?먯꽌 ?ъ슜?먮? 李얠쓣 ??
?놁뒿?덈떎. auth-economy-s
dk ?뺣낫瑜??ъ슜?⑸땲??

    [0m [90m 68 |[3
9m       [36mif[39m 
(isFailure(userResult)
) {
     [90m 69 |[39m  
       [90m// ?ъ슜???뺣
낫瑜?李얠쓣 ???놁뼱??auth-eco
nomy-sdk?먯꽌 諛섑솚???ъ슜??
?뺣낫 ?ъ슜[39m
    [31m[1m>[22m[3
9m[90m 70 |[39m     
    console[33m.[39m
warn(
     [90m    |[39m  
               [31m[
1m^[22m[39m
     [90m 71 |[39m  
         [32m"Local u
ser repository?먯꽌 ?ъ슜?
먮? 李얠쓣 ???놁뒿?덈떎. auth-
economy-sdk ?뺣낫瑜??ъ슜?⑸
땲??"[39m
     [90m 72 |[39m  
       )[33m;[39m
     [90m 73 |[39m  
     }[0m

      at SignInUseCase
.execute (src/bounded-
contexts/auth/applicat
ion/use-cases/sign-in.
use-case.ts:70:17)
      at Object.<anony
mous> (src/bounded-con
texts/auth/application
/use-cases/sign-in.use
-case.test.ts:144:22)

PASS src/bounded-conte
xts/economy/applicatio
n/services/__tests__/r
egression-analysis.ser
vice.test.ts
PASS src/bounded-conte
xts/prediction/infrast
ructure/repositories/s
upabase-prediction-gam
e.repository.test.ts
PASS src/bounded-conte
xts/economy/domain/ent
ities/__tests__/money-
wave-aggregates-simple
.test.ts
PASS src/bounded-conte
xts/user/infrastructur
e/repositories/__tests
__/mcp-user.repository
.test.ts
Exception in PromiseRe
jectCallback:
C:\G\posmul\apps\posmu
l-web\src\shared\mcp\s
upabase-client.ts:209
    return client.exec
uteSQL(params.query);

RangeError: Maximum ca
ll stack size exceeded

Exception in PromiseRe
jectCallback:
C:\G\posmul\apps\posmu
l-web\src\shared\mcp\s
upabase-client.ts:31
            return awa
it operation();
                      
   ^

RangeError: Maximum ca
ll stack size exceeded

PASS src/bounded-conte
xts/economy/infrastruc
ture/repositories/__te
sts__/supabase-pmp-pmc
-account.repository.te
st.ts
PASS src/bounded-conte
xts/economy/applicatio
n/services/__tests__/m
achine-learning-analys
is.service.test.ts
PASS src/bounded-conte
xts/donation/infrastru
cture/repositories/__t
ests__/mcp-donation.re
pository.test.ts
PASS src/bounded-conte
xts/auth/application/u
se-cases/sign-up.use-c
ase.test.ts
PASS src/bounded-conte
xts/economy/applicatio
n/services/__tests__/p
anel-data-analysis.ser
vice.test.ts
PASS src/bounded-conte
xts/economy/domain/val
ue-objects/__tests__/e
conomic-value-objects.
test.ts
PASS src/bounded-conte
xts/economy/infrastruc
ture/repositories/econ
omy-infrastructure.tes
t.ts
Exception in PromiseRe
jectCallback:
C:\G\posmul\apps\posmu
l-web\src\shared\mcp\s
upabase-client.ts:209
    return client.exec
uteSQL(params.query);

RangeError: Maximum ca
ll stack size exceeded

Exception in PromiseRe
jectCallback:
C:\G\posmul\apps\posmu
l-web\src\shared\mcp\s
upabase-client.ts:31
            return awa
it operation();
                      
   ^

RangeError: Maximum ca
ll stack size exceeded

Exception in PromiseRe
jectCallback:
C:\G\posmul\apps\posmu
l-web\src\shared\mcp\s
upabase-client.ts:209
    return client.exec
uteSQL(params.query);

RangeError: Maximum ca
ll stack size exceeded

Exception in PromiseRe
jectCallback:
C:\G\posmul\apps\posmu
l-web\src\shared\mcp\s
upabase-client.ts:31
            return awa
it operation();
                      
   ^

RangeError: Maximum ca
ll stack size exceeded

Exception in PromiseRe
jectCallback:
C:\G\posmul\apps\posmu
l-web\src\shared\mcp\s
upabase-client.ts:209
    return client.exec
uteSQL(params.query);

RangeError: Maximum ca
ll stack size exceeded

Exception in PromiseRe
jectCallback:
C:\G\posmul\apps\posmu
l-web\src\shared\mcp\s
upabase-client.ts:31
            return awa
it operation();
                      
   ^

RangeError: Maximum ca
ll stack size exceeded

Exception in PromiseRe
jectCallback:
C:\G\posmul\apps\posmu
l-web\src\shared\mcp\s
upabase-client.ts:209
    return client.exec
uteSQL(params.query);

RangeError: Maximum ca
ll stack size exceeded

Exception in PromiseRe
jectCallback:
C:\G\posmul\apps\posmu
l-web\src\shared\mcp\s
upabase-client.ts:31
            return awa
it operation();
                      
   ^

RangeError: Maximum ca
ll stack size exceeded

Exception in PromiseRe
jectCallback:
C:\G\posmul\apps\posmu
l-web\src\shared\mcp\s
upabase-client.ts:209
    return client.exec
uteSQL(params.query);

RangeError: Maximum ca
ll stack size exceeded

Exception in PromiseRe
jectCallback:
C:\G\posmul\apps\posmu
l-web\src\shared\mcp\s
upabase-client.ts:31
            return awa
it operation();
                      
   ^

RangeError: Maximum ca
ll stack size exceeded

Exception in PromiseRe
jectCallback:
C:\G\posmul\apps\posmu
l-web\src\shared\mcp\s
upabase-client.ts:209
    return client.exec
uteSQL(params.query);

RangeError: Maximum ca
ll stack size exceeded

Exception in PromiseRe
jectCallback:
C:\G\posmul\apps\posmu
l-web\src\shared\mcp\s
upabase-client.ts:31
            return awa
it operation();
                      
   ^

RangeError: Maximum ca
ll stack size exceeded

Exception in PromiseRe
jectCallback:
C:\G\posmul\apps\posmu
l-web\src\shared\mcp\s
upabase-client.ts:209
    return client.exec
uteSQL(params.query);

RangeError: Maximum ca
ll stack size exceeded

Exception in PromiseRe
jectCallback:
C:\G\posmul\apps\posmu
l-web\src\shared\mcp\s
upabase-client.ts:31
            return awa
it operation();
                      
   ^

RangeError: Maximum ca
ll stack size exceeded

Exception in PromiseRe
jectCallback:
C:\G\posmul\apps\posmu
l-web\src\shared\mcp\s
upabase-client.ts:209
    return client.exec
uteSQL(params.query);

RangeError: Maximum ca
ll stack size exceeded

Exception in PromiseRe
jectCallback:
C:\G\posmul\apps\posmu
l-web\src\shared\mcp\s
upabase-client.ts:31
            return awa
it operation();
                      
   ^

RangeError: Maximum ca
ll stack size exceeded

FAIL src/bounded-conte
xts/auth/infrastructur
e/repositories/__tests
__/mcp-auth.repository
.test.ts (5.984 s)
  ??MCPAuthRepository 
??getSession ??should 
successfully get sessi
on by ID

    expect(received).t
oBe(expected) // Objec
t.is equality

    Expected: true
    Received: false

    [0m [90m 56 |[3
9m
     [90m 57 |[39m  
     [90m// Assert[3
9m
    [31m[1m>[22m[3
9m[90m 58 |[39m     
  expect(result[33m.
[39msuccess)[33m.[39
mtoBe([36mtrue[39m)
[33m;[39m
     [90m    |[39m  
                      
      [31m[1m^[22m
[39m
     [90m 59 |[39m  
     [36mif[39m (res
ult[33m.[39msuccess)
 {
     [90m 60 |[39m  
       expect(result[
33m.[39mdata)[33m.[
39mtoBeDefined()[33m;
[39m
     [90m 61 |[39m  
     }[0m

      at Object.<anony
mous> (src/bounded-con
texts/auth/infrastruct
ure/repositories/__tes
ts__/mcp-auth.reposito
ry.test.ts:58:30)

  ??MCPAuthRepository 
??getSession ??should 
return null when sessi
on not found

    expect(received).t
oBe(expected) // Objec
t.is equality

    Expected: true
    Received: false

    [0m [90m 76 |[3
9m
     [90m 77 |[39m  
     [90m// Assert[3
9m
    [31m[1m>[22m[3
9m[90m 78 |[39m     
  expect(result[33m.
[39msuccess)[33m.[39
mtoBe([36mtrue[39m)
[33m;[39m
     [90m    |[39m  
                      
      [31m[1m^[22m
[39m
     [90m 79 |[39m  
     [36mif[39m (res
ult[33m.[39msuccess)
 {
     [90m 80 |[39m  
       expect(result[
33m.[39mdata)[33m.[
39mtoBeNull()[33m;[3
9m
     [90m 81 |[39m  
     }[0m

      at Object.<anony
mous> (src/bounded-con
texts/auth/infrastruct
ure/repositories/__tes
ts__/mcp-auth.reposito
ry.test.ts:78:30)

  ??MCPAuthRepository 
??getSession ??should 
handle SQL execution e
rrors

    expect(received).t
oBe(expected) // Objec
t.is equality

    Expected: "GET_SES
SION_ERROR"
    Received: "Failed 
to get session: Supaba
seMCPError: Failed to 
execute SQL query"

    [0m [90m 94 |[3
9m       expect(result
[33m.[39msuccess)[3
3m.[39mtoBe([36mfals
e[39m)[33m;[39m
     [90m 95 |[39m  
     [36mif[39m (res
ult[33m.[39msuccess 
[33m===[39m [36mfal
se[39m) {
    [31m[1m>[22m[3
9m[90m 96 |[39m     
    expect(result[33m
.[39merror[33m.[39m
message)[33m.[39mtoB
e([32m"GET_SESSION_ER
ROR"[39m)[33m;[39m
     [90m    |[39m  
                      
              [31m[1
m^[22m[39m
     [90m 97 |[39m  
     }
     [90m 98 |[39m  
   })[33m;[39m
     [90m 99 |[39m  
 })[33m;[39m[0m

      at Object.<anony
mous> (src/bounded-con
texts/auth/infrastruct
ure/repositories/__tes
ts__/mcp-auth.reposito
ry.test.ts:96:38)

  ??MCPAuthRepository 
??getUserCredentials ?
?should successfully g
et user credentials

    expect(received).t
oBe(expected) // Objec
t.is equality

    Expected: true
    Received: false

    [0m [90m 119 |[
39m
     [90m 120 |[39m 
      [90m// Assert[
39m
    [31m[1m>[22m[3
9m[90m 121 |[39m    
   expect(result[33m.
[39msuccess)[33m.[3
9mtoBe([36mtrue[39m)
[33m;[39m
     [90m     |[39m 
                      
       [31m[1m^[22m
[39m
     [90m 122 |[39m 
      [36mif[39m (re
sult[33m.[39msuccess
) {
     [90m 123 |[39m 
        expect(result
[33m.[39mdata)[33m.
[39mtoBeDefined()[33m
;[39m
     [90m 124 |[39m 
      }[0m

      at Object.<anony
mous> (src/bounded-con
texts/auth/infrastruct
ure/repositories/__tes
ts__/mcp-auth.reposito
ry.test.ts:121:30)

  ??MCPAuthRepository 
??getUserCredentials ?
?should return null wh
en credentials not fou
nd

    expect(received).t
oBe(expected) // Objec
t.is equality

    Expected: true
    Received: false

    [0m [90m 136 |[
39m
     [90m 137 |[39m 
      [90m// Assert[
39m
    [31m[1m>[22m[3
9m[90m 138 |[39m    
   expect(result[33m.
[39msuccess)[33m.[3
9mtoBe([36mtrue[39m)
[33m;[39m
     [90m     |[39m 
                      
       [31m[1m^[22m
[39m
     [90m 139 |[39m 
      [36mif[39m (re
sult[33m.[39msuccess
) {
     [90m 140 |[39m 
        expect(result
[33m.[39mdata)[33m.
[39mtoBeNull()[33m;[
39m
     [90m 141 |[39m 
      }[0m

      at Object.<anony
mous> (src/bounded-con
texts/auth/infrastruct
ure/repositories/__tes
ts__/mcp-auth.reposito
ry.test.ts:138:30)

  ??MCPAuthRepository 
??getUserCredentials ?
?should handle credent
ial lookup errors

    expect(received).t
oBe(expected) // Objec
t.is equality

    Expected: "Credent
ial lookup failed"
    Received: "Failed 
to get user credential
s: SupabaseMCPError: F
ailed to execute SQL q
uery"

    [0m [90m 155 |[
39m       [36mif[39m
 (result[33m.[39msuc
cess [33m===[39m [3
6mfalse[39m) {
     [90m 156 |[39m 
        expect(result
[33m.[39merror)[33m.
[39mtoStrictEqual(exp
ect[33m.[39many([33
mError[39m))[33m;[3
9m
    [31m[1m>[22m[3
9m[90m 157 |[39m    
     expect(result[33
m.[39merror[33m.[39
mmessage)[33m.[39mto
Be([32m"Credential lo
okup failed"[39m)[33
m;[39m
     [90m     |[39m 
                      
               [31m[
1m^[22m[39m
     [90m 158 |[39m 
      }
     [90m 159 |[39m 
    })[33m;[39m
     [90m 160 |[39m 
  })[33m;[39m[0m

      at Object.<anony
mous> (src/bounded-con
texts/auth/infrastruct
ure/repositories/__tes
ts__/mcp-auth.reposito
ry.test.ts:157:38)

  ??MCPAuthRepository 
??invalidateSession ??
should successfully in
validate session

    expect(received).t
oBe(expected) // Objec
t.is equality

    Expected: true
    Received: false

    [0m [90m 172 |[
39m
     [90m 173 |[39m 
      [90m// Assert[
39m
    [31m[1m>[22m[3
9m[90m 174 |[39m    
   expect(result[33m.
[39msuccess)[33m.[3
9mtoBe([36mtrue[39m)
[33m;[39m
     [90m     |[39m 
                      
       [31m[1m^[22m
[39m
     [90m 175 |[39m 
      expect(mockMcpAd
apter[33m.[39mexecut
eSQL)[33m.[39mtoHave
BeenCalledWith(
     [90m 176 |[39m 
        expect[33m.[
39mstringContaining([
32m"UPDATE"[39m)
     [90m 177 |[39m 
      )[33m;[39m[0m

      at Object.<anony
mous> (src/bounded-con
texts/auth/infrastruct
ure/repositories/__tes
ts__/mcp-auth.reposito
ry.test.ts:174:30)

  ??MCPAuthRepository 
??invalidateSession ??
should handle invalida
tion errors

    expect(received).t
oBe(expected) // Objec
t.is equality

    Expected: "Invalid
ation failed"
    Received: "Failed 
to invalidate session:
 SupabaseMCPError: Fai
led to execute SQL que
ry"

    [0m [90m 191 |[
39m       [36mif[39m
 (result[33m.[39msuc
cess [33m===[39m [3
6mfalse[39m) {
     [90m 192 |[39m 
        expect(result
[33m.[39merror)[33m.
[39mtoStrictEqual(exp
ect[33m.[39many([33
mError[39m))[33m;[3
9m
    [31m[1m>[22m[3
9m[90m 193 |[39m    
     expect(result[33
m.[39merror[33m.[39
mmessage)[33m.[39mto
Be([32m"Invalidation 
failed"[39m)[33m;[3
9m
     [90m     |[39m 
                      
               [31m[
1m^[22m[39m
     [90m 194 |[39m 
      }
     [90m 195 |[39m 
    })[33m;[39m
     [90m 196 |[39m 
  })[33m;[39m[0m

      at Object.<anony
mous> (src/bounded-con
texts/auth/infrastruct
ure/repositories/__tes
ts__/mcp-auth.reposito
ry.test.ts:193:38)

  ??MCPAuthRepository 
??getActiveSessions ??
should successfully ge
t active sessions for 
user

    expect(received).t
oBe(expected) // Objec
t.is equality

    Expected: true
    Received: false

    [0m [90m 223 |[
39m
     [90m 224 |[39m 
      [90m// Assert[
39m
    [31m[1m>[22m[3
9m[90m 225 |[39m    
   expect(result[33m.
[39msuccess)[33m.[3
9mtoBe([36mtrue[39m)
[33m;[39m
     [90m     |[39m 
                      
       [31m[1m^[22m
[39m
     [90m 226 |[39m 
      [36mif[39m (re
sult[33m.[39msuccess
) {
     [90m 227 |[39m 
        expect(result
[33m.[39mdata)[33m.
[39mtoHaveLength([35m
2[39m)[33m;[39m
     [90m 228 |[39m 
      }[0m

      at Object.<anony
mous> (src/bounded-con
texts/auth/infrastruct
ure/repositories/__tes
ts__/mcp-auth.reposito
ry.test.ts:225:30)

  ??MCPAuthRepository 
??getActiveSessions ??
should return empty ar
ray when no active ses
sions

    expect(received).t
oBe(expected) // Objec
t.is equality

    Expected: true
    Received: false

    [0m [90m 240 |[
39m
     [90m 241 |[39m 
      [90m// Assert[
39m
    [31m[1m>[22m[3
9m[90m 242 |[39m    
   expect(result[33m.
[39msuccess)[33m.[3
9mtoBe([36mtrue[39m)
[33m;[39m
     [90m     |[39m 
                      
       [31m[1m^[22m
[39m
     [90m 243 |[39m 
      [36mif[39m (re
sult[33m.[39msuccess
) {
     [90m 244 |[39m 
        expect(result
[33m.[39mdata)[33m.
[39mtoEqual([])[33m;
[39m
     [90m 245 |[39m 
      }[0m

      at Object.<anony
mous> (src/bounded-con
texts/auth/infrastruct
ure/repositories/__tes
ts__/mcp-auth.reposito
ry.test.ts:242:30)

  ??MCPAuthRepository 
??Repository Configura
tion ??should initiali
ze with correct projec
t ID

    expect(jest.fn()).
toHaveBeenCalled()

    Expected number of
 calls: >= 1
    Received number of
 calls:    0

    [0m [90m 254 |[
39m       [90m// Asse
rt[39m
     [90m 255 |[39m 
      expect(newReposi
tory)[33m.[39mtoBeIn
stanceOf([33mMCPAuthR
epository[39m)[33m;
[39m
    [31m[1m>[22m[3
9m[90m 256 |[39m    
   expect(createDefaul
tMCPAdapter)[33m.[39
mtoHaveBeenCalled()[3
3m;[39m
     [90m     |[39m 
                      
                [31m
[1m^[22m[39m
     [90m 257 |[39m 
    })[33m;[39m
     [90m 258 |[39m 
  })[33m;[39m
     [90m 259 |[39m 
})[33m;[39m[0m

      at Object.<anony
mous> (src/bounded-con
texts/auth/infrastruct
ure/repositories/__tes
ts__/mcp-auth.reposito
ry.test.ts:256:39)

Summary of all failing
 tests
FAIL src/bounded-conte
xts/donation/applicati
on/use-cases/create-do
nation.use-case.test.t
s
  ??CreateDonationUseC
ase ???깃났 耳?댁뒪 ???좏슚?
?Direct 湲곕? ?붿껌 ???깃났?
댁빞 ?쒕떎

    expect(received).t
oBe(expected) // Objec
t.is equality

    Expected: true
    Received: false

    [0m [90m 110 |[
39m
     [90m 111 |[39m 
      [90m// Then[39
m
    [31m[1m>[22m[3
9m[90m 112 |[39m    
   expect(result[33m.
[39msuccess)[33m.[3
9mtoBe([36mtrue[39m)
[33m;[39m
     [90m     |[39m 
                      
       [31m[1m^[22m
[39m
     [90m 113 |[39m 
      [36mif[39m (re
sult[33m.[39msuccess
) {
     [90m 114 |[39m 
        expect(result
[33m.[39mdata)[33m.
[39mtoEqual(mockDonati
on)[33m;[39m
     [90m 115 |[39m 
      }[0m

      at Object.<anony
mous> (src/bounded-con
texts/donation/applica
tion/use-cases/create-
donation.use-case.test
.ts:112:30)

  ??CreateDonationUseC
ase ???깃났 耳?댁뒪 ???ㅼ?以
꾨맂 湲곕? ?붿껌 ???깃났?댁빞 ?쒕
떎

    expect(received).t
oBe(expected) // Objec
t.is equality

    Expected: true
    Received: false

    [0m [90m 161 |[
39m
     [90m 162 |[39m 
      [90m// Then[39
m
    [31m[1m>[22m[3
9m[90m 163 |[39m    
   expect(result[33m.
[39msuccess)[33m.[3
9mtoBe([36mtrue[39m)
[33m;[39m
     [90m     |[39m 
                      
       [31m[1m^[22m
[39m
     [90m 164 |[39m 
      [36mif[39m (re
sult[33m.[39msuccess
) {
     [90m 165 |[39m 
        expect(result
[33m.[39mdata[33m.[
39mscheduledAt)[33m.
[39mtoEqual(scheduledA
t)[33m;[39m
     [90m 166 |[39m 
      }[0m

      at Object.<anony
mous> (src/bounded-con
texts/donation/applica
tion/use-cases/create-
donation.use-case.test
.ts:163:30)

  ??CreateDonationUseC
ase ???ㅽ뙣 耳?댁뒪 ??湲곕? 
湲덉븸 寃利??ㅽ뙣 ???먮윭瑜?諛섑솚
?댁빞 ?쒕떎

    expect(received).t
oBe(expected) // Objec
t.is equality

    Expected: "Insuffi
cient balance"
    Received: "Cannot 
read properties of und
efined (reading 'succe
ss')"

    [0m [90m 208 |[
39m       expect(resul
t[33m.[39msuccess)[
33m.[39mtoBe([36mfal
se[39m)[33m;[39m
     [90m 209 |[39m 
      [36mif[39m ([
33m![39mresult[33m.
[39msuccess) {
    [31m[1m>[22m[3
9m[90m 210 |[39m    
     expect(result[33
m.[39merror[33m.[39
mmessage)[33m.[39mto
Be([32m"Insufficient 
balance"[39m)[33m;[
39m
     [90m     |[39m 
                      
               [31m[
1m^[22m[39m
     [90m 211 |[39m 
      }
     [90m 212 |[39m 
    })[33m;[39m
     [90m 213 |[39m
[0m

      at Object.<anony
mous> (src/bounded-con
texts/donation/applica
tion/use-cases/create-
donation.use-case.test
.ts:210:38)

  ??CreateDonationUseC
ase ???ㅽ뙣 耳?댁뒪 ??湲곕? 
?앹꽦 ?ㅽ뙣 ???먮윭瑜?諛섑솚?댁빞 
?쒕떎

    expect(received).t
oBe(expected) // Objec
t.is equality

    Expected: "Donatio
n creation failed"
    Received: "Cannot 
read properties of und
efined (reading 'succe
ss')"

    [0m [90m 233 |[
39m       expect(resul
t[33m.[39msuccess)[
33m.[39mtoBe([36mfal
se[39m)[33m;[39m
     [90m 234 |[39m 
      [36mif[39m ([
33m![39mresult[33m.
[39msuccess) {
    [31m[1m>[22m[3
9m[90m 235 |[39m    
     expect(result[33
m.[39merror[33m.[39
mmessage)[33m.[39mto
Be([32m"Donation crea
tion failed"[39m)[33
m;[39m
     [90m     |[39m 
                      
               [31m[
1m^[22m[39m
     [90m 236 |[39m 
      }
     [90m 237 |[39m 
    })[33m;[39m
     [90m 238 |[39m
[0m

      at Object.<anony
mous> (src/bounded-con
texts/donation/applica
tion/use-cases/create-
donation.use-case.test
.ts:235:38)

  ??CreateDonationUseC
ase ???ㅽ뙣 耳?댁뒪 ????μ
냼 ????ㅽ뙣 ???먮윭瑜?諛섑솚?댁
빞 ?쒕떎

    expect(received).t
oBe(expected) // Objec
t.is equality

    Expected: "Databas
e save failed"
    Received: "Cannot 
read properties of und
efined (reading 'succe
ss')"

    [0m [90m 271 |[
39m       expect(resul
t[33m.[39msuccess)[
33m.[39mtoBe([36mfal
se[39m)[33m;[39m
     [90m 272 |[39m 
      [36mif[39m ([
33m![39mresult[33m.
[39msuccess) {
    [31m[1m>[22m[3
9m[90m 273 |[39m    
     expect(result[33
m.[39merror[33m.[39
mmessage)[33m.[39mto
Be([32m"Database save
 failed"[39m)[33m;[
39m
     [90m     |[39m 
                      
               [31m[
1m^[22m[39m
     [90m 274 |[39m 
      }
     [90m 275 |[39m 
    })[33m;[39m
     [90m 276 |[39m
[0m

      at Object.<anony
mous> (src/bounded-con
texts/donation/applica
tion/use-cases/create-
donation.use-case.test
.ts:273:38)

  ??CreateDonationUseC
ase ???ㅽ뙣 耳?댁뒪 ???덇린移
??딆? ?먮윭 諛쒖깮 ???곸젅???먮
윭 硫붿떆吏瑜?諛섑솚?댁빞 ?쒕떎

    expect(received).t
oBe(expected) // Objec
t.is equality

    Expected: "Unexpec
ted error"
    Received: "Cannot 
read properties of und
efined (reading 'succe
ss')"

    [0m [90m 292 |[
39m       expect(resul
t[33m.[39msuccess)[
33m.[39mtoBe([36mfal
se[39m)[33m;[39m
     [90m 293 |[39m 
      [36mif[39m ([
33m![39mresult[33m.
[39msuccess) {
    [31m[1m>[22m[3
9m[90m 294 |[39m    
     expect(result[33
m.[39merror[33m.[39
mmessage)[33m.[39mto
Be([32m"Unexpected er
ror"[39m)[33m;[39m
     [90m     |[39m 
                      
               [31m[
1m^[22m[39m
     [90m 295 |[39m 
      }
     [90m 296 |[39m 
    })[33m;[39m
     [90m 297 |[39m 
  })[33m;[39m[0m

      at Object.<anony
mous> (src/bounded-con
texts/donation/applica
tion/use-cases/create-
donation.use-case.test
.ts:294:38)

  ??CreateDonationUseC
ase ??湲곕? ??낅퀎 泥섎━ ??
Institute 湲곕? ??낆뿉 ?
???щ컮瑜닿쾶 泥섎━?댁빞 ?쒕떎

    expect(received).t
oBe(expected) // Objec
t.is equality

    Expected: true
    Received: false

    [0m [90m 352 |[
39m
     [90m 353 |[39m 
      [90m// Then[39
m
    [31m[1m>[22m[3
9m[90m 354 |[39m    
   expect(result[33m.
[39msuccess)[33m.[3
9mtoBe([36mtrue[39m)
[33m;[39m
     [90m     |[39m 
                      
       [31m[1m^[22m
[39m
     [90m 355 |[39m 
      expect(mockInsti
tuteRepository[33m.[
39mfindById)[33m.[39
mtoHaveBeenCalledWith(
     [90m 356 |[39m 
        [32m"institut
e-123"[39m
     [90m 357 |[39m 
      )[33m;[39m[0m

      at Object.<anony
mous> (src/bounded-con
texts/donation/applica
tion/use-cases/create-
donation.use-case.test
.ts:354:30)

  ??CreateDonationUseC
ase ??湲곕? ??낅퀎 泥섎━ ??
Opinion Leader 湲곕? ??
낆뿉 ????щ컮瑜닿쾶 泥섎━?댁빞 ?
쒕떎

    expect(received).t
oBe(expected) // Objec
t.is equality

    Expected: true
    Received: false

    [0m [90m 412 |[
39m
     [90m 413 |[39m 
      [90m// Then[39
m
    [31m[1m>[22m[3
9m[90m 414 |[39m    
   expect(result[33m.
[39msuccess)[33m.[3
9mtoBe([36mtrue[39m)
[33m;[39m
     [90m     |[39m 
                      
       [31m[1m^[22m
[39m
     [90m 415 |[39m 
      expect(mockOpini
onLeaderRepository[33
m.[39mfindById)[33m.
[39mtoHaveBeenCalledW
ith(
     [90m 416 |[39m 
        [32m"leader-1
23"[39m
     [90m 417 |[39m 
      )[33m;[39m[0m

      at Object.<anony
mous> (src/bounded-con
texts/donation/applica
tion/use-cases/create-
donation.use-case.test
.ts:414:30)

  ??CreateDonationUseC
ase ??硫뷀??곗씠??泥섎━ ???듬
챸 湲곕? 硫뷀??곗씠?곕? ?щ컮瑜닿쾶
 泥섎━?댁빞 ?쒕떎

    expect(received).t
oBe(expected) // Objec
t.is equality

    Expected: true
    Received: false

    [0m [90m 470 |[
39m
     [90m 471 |[39m 
      [90m// Then[39
m
    [31m[1m>[22m[3
9m[90m 472 |[39m    
   expect(result[33m.
[39msuccess)[33m.[3
9mtoBe([36mtrue[39m)
[33m;[39m
     [90m     |[39m 
                      
       [31m[1m^[22m
[39m
     [90m 473 |[39m 
      [36mif[39m (re
sult[33m.[39msuccess
) {
     [90m 474 |[39m 
        expect(result
[33m.[39mdata[33m.[
39mmetadata[33m.[39m
isAnonymous)[33m.[39
mtoBe([36mtrue[39m)
[33m;[39m
     [90m 475 |[39m 
        expect(result
[33m.[39mdata[33m.[
39mmetadata[33m.[39m
message)[33m.[39mtoB
e([32m"?듬챸 湲곕??낅땲??"
[39m)[33m;[39m[0m

      at Object.<anony
mous> (src/bounded-con
texts/donation/applica
tion/use-cases/create-
donation.use-case.test
.ts:472:30)

FAIL src/bounded-conte
xts/donation/applicati
on/services/donation.a
pplication-service.tes
t.ts
  ??DonationApplicatio
nService ??getDonation
s ???ъ슜?먯쓽 湲곕? 紐⑸줉???щ
컮瑜닿쾶 諛섑솚?댁빞 ?쒕떎

    TypeError: Cannot 
read properties of und
efined (reading 'map')

    [0m [90m 124 |[
39m     }
     [90m 125 |[39m
    [31m[1m>[22m[3
9m[90m 126 |[39m    
 [36mconst[39m mappe
dData [33m=[39m resu
lt[33m.[39mdata[33m
.[39mitems[33m.[39m
map((donation) [33m=>
[39m
     [90m     |[39m 
                      
                   [3
1m[1m^[22m[39m
     [90m 127 |[39m 
      [36mthis[39m[
33m.[39mmapDonationTo
Response(donation)
     [90m 128 |[39m 
    )[33m;[39m
     [90m 129 |[39m
[0m

      at DonationAppli
cationService.getDonat
ionsByDonor (src/bound
ed-contexts/donation/a
pplication/services/do
nation.application-ser
vice.ts:126:42)

  ??DonationApplicatio
nService ??getDonation
ById ???뱀젙 湲곕?瑜??щ컮瑜닿쾶
 諛섑솚?댁빞 ?쒕떎

    expect(received).t
oEqual(expected) // de
ep equality

    - Expected  - 19
    + Received  + 18

      Object {
        "amount": 1000
0,
    -   "createdAt": 2
024-01-01T00:00:00.000
Z,
    +   "beneficiaryIn
fo": undefined,
    +   "cancelledAt":
 undefined,
    +   "category": "S
OCIAL",
    +   "completedAt":
 "2024-01-01T00:00:00.
000Z",
    +   "createdAt": "
2024-01-01T00:00:00.00
0Z",
    +   "description":
 "?뚯뒪??湲곕?",
        "donorId": "us
er-123",
    -   "getAmount": [
Function getAmount],
    -   "getBeneficiar
yInfo": [Function getB
eneficiaryInfo],
    -   "getCancelledA
t": [Function getCance
lledAt],
    -   "getCategory":
 [Function getCategory
],
    -   "getCompletedA
t": [Function getCompl
etedAt],
    -   "getCreatedAt"
: [Function getCreated
At],
    -   "getDescriptio
n": [Function getDescr
iption],
    -   "getDonationTy
pe": [Function getDona
tionType],
    -   "getDonorId": 
[Function getDonorId],
    -   "getFrequency"
: [Function getFrequen
cy],
    -   "getId": [Func
tion getId],
    -   "getInstituteI
d": [Function getInsti
tuteId],
    -   "getMetadata":
 [Function getMetadata
],
    -   "getOpinionLea
derId": [Function getO
pinionLeaderId],
    -   "getProcessing
Info": [Function getPr
ocessingInfo],
    -   "getScheduledA
t": [Function getSched
uledAt],
    -   "getStatus": [
Function getStatus],
    -   "getUpdatedAt"
: [Function getUpdated
At],
    +   "frequency": "
ONE_TIME",
        "id": "donatio
n-1",
    +   "instituteId":
 undefined,
    +   "metadata": Ob
ject {},
    +   "opinionLeader
Id": undefined,
    +   "processingInf
o": Object {
    +     "processedAt
": undefined,
    +     "processedBy
": undefined,
    +     "receiptUrl"
: undefined,
    +     "transaction
Id": undefined,
    +   },
    +   "scheduledAt":
 undefined,
        "status": "COM
PLETED",
        "type": "DIREC
T",
    +   "updatedAt": "
2024-01-01T00:00:00.00
0Z",
      }

    [0m [90m 189 |[
39m       expect(resul
t[33m.[39msuccess)[
33m.[39mtoBe([36mtru
e[39m)[33m;[39m
     [90m 190 |[39m 
      [36mif[39m (re
sult[33m.[39msuccess
) {
    [31m[1m>[22m[3
9m[90m 191 |[39m    
     expect(result[33
m.[39mdata)[33m.[39
mtoEqual(mockDonation)
[33m;[39m
     [90m     |[39m 
                      
      [31m[1m^[22m
[39m
     [90m 192 |[39m 
      }
     [90m 193 |[39m
     [90m 194 |[39m 
      expect(mockDonat
ionRepository[33m.[3
9mfindById)[33m.[39m
toHaveBeenCalledWith(d
onationId)[33m;[39m
[0m

      at Object.<anony
mous> (src/bounded-con
texts/donation/applica
tion/services/donation
.application-service.t
est.ts:191:29)

  ??DonationApplicatio
nService ??searchDonat
ions ??寃??議곌굔??留욌뒗 湲곕
? 紐⑸줉??諛섑솚?댁빞 ?쒕떎

    TypeError: Cannot 
read properties of und
efined (reading 'succe
ss')

    [0m [90m 32 |[3
9m   result[33m:[39m
 [33mResult[39m[33m
<[39m[33mT[39m[33m
,[39m [33mE[39m[33
m>[39m
     [90m 33 |[39m )
[33m:[39m result is 
{ success[33m:[39m 
[36mfalse[39m[33m;[
39m error[33m:[39m 
[33mE[39m } {
    [31m[1m>[22m[3
9m[90m 34 |[39m   [
36mreturn[39m [33m!
[39mresult[33m.[39ms
uccess[33m;[39m
     [90m    |[39m  
                [31m
[1m^[22m[39m
     [90m 35 |[39m }
     [90m 36 |[39m
     [90m 37 |[39m 
[36mexport[39m [36mf
unction[39m isSuccess
[33m<[39m[33mT[39m
[33m,[39m [33mE[39
m[33m>[39m([0m

      at isFailure (..
/../packages/auth-econ
omy-sdk/src/types/inde
x.ts:34:18)
      at DonationAppli
cationService.searchDo
nations (src/bounded-c
ontexts/donation/appli
cation/services/donati
on.application-service
.ts:180:18)
      at Object.<anony
mous> (src/bounded-con
texts/donation/applica
tion/services/donation
.application-service.t
est.ts:244:22)

  ??DonationApplicatio
nService ??searchDonat
ions ??寃???ㅽ뙣 ???먮윭瑜?
諛섑솚?댁빞 ?쒕떎

    TypeError: Cannot 
read properties of und
efined (reading 'succe
ss')

    [0m [90m 32 |[3
9m   result[33m:[39m
 [33mResult[39m[33m
<[39m[33mT[39m[33m
,[39m [33mE[39m[33
m>[39m
     [90m 33 |[39m )
[33m:[39m result is 
{ success[33m:[39m 
[36mfalse[39m[33m;[
39m error[33m:[39m 
[33mE[39m } {
    [31m[1m>[22m[3
9m[90m 34 |[39m   [
36mreturn[39m [33m!
[39mresult[33m.[39ms
uccess[33m;[39m
     [90m    |[39m  
                [31m
[1m^[22m[39m
     [90m 35 |[39m }
     [90m 36 |[39m
     [90m 37 |[39m 
[36mexport[39m [36mf
unction[39m isSuccess
[33m<[39m[33mT[39m
[33m,[39m [33mE[39
m[33m>[39m([0m

      at isFailure (..
/../packages/auth-econ
omy-sdk/src/types/inde
x.ts:34:18)
      at DonationAppli
cationService.searchDo
nations (src/bounded-c
ontexts/donation/appli
cation/services/donati
on.application-service
.ts:180:18)
      at Object.<anony
mous> (src/bounded-con
texts/donation/applica
tion/services/donation
.application-service.t
est.ts:273:22)

  ??DonationApplicatio
nService ??getDonation
Stats ??湲곕? ?듦퀎瑜??щ컮瑜닿
쾶 怨꾩궛?댁빞 ?쒕떎

    TypeError: Cannot 
read properties of und
efined (reading 'succe
ss')

    [0m [90m 298 |[
39m     )[33m;[39m
     [90m 299 |[39m
    [31m[1m>[22m[3
9m[90m 300 |[39m    
 [36mif[39m ([33m!
[39mstatsResult[33m.
[39msuccess) {
     [90m     |[39m 
                     
[31m[1m^[22m[39m
     [90m 301 |[39m 
      [36mreturn[39m
 {
     [90m 302 |[39m 
        success[33m:
[39m [36mfalse[39m[
33m,[39m
     [90m 303 |[39m 
        error[33m:[3
9m [36mnew[39m [33m
Error[39m([32m"湲곕? ?
듦퀎 議고쉶???ㅽ뙣?덉뒿?덈떎."[3
9m)[33m,[39m[0m

      at DonationAppli
cationService.getDonat
ionStats (src/bounded-
contexts/donation/appl
ication/services/donat
ion.application-servic
e.ts:300:22)
      at Object.<anony
mous> (src/bounded-con
texts/donation/applica
tion/services/donation
.application-service.t
est.ts:294:22)

  ??DonationApplicatio
nService ??getDonation
Stats ??湲곕? ?듦퀎 怨꾩궛 ?ㅽ
뙣 ???먮윭瑜?諛섑솚?댁빞 ?쒕떎

    TypeError: Cannot 
read properties of und
efined (reading 'succe
ss')

    [0m [90m 298 |[
39m     )[33m;[39m
     [90m 299 |[39m
    [31m[1m>[22m[3
9m[90m 300 |[39m    
 [36mif[39m ([33m!
[39mstatsResult[33m.
[39msuccess) {
     [90m     |[39m 
                     
[31m[1m^[22m[39m
     [90m 301 |[39m 
      [36mreturn[39m
 {
     [90m 302 |[39m 
        success[33m:
[39m [36mfalse[39m[
33m,[39m
     [90m 303 |[39m 
        error[33m:[3
9m [36mnew[39m [33m
Error[39m([32m"湲곕? ?
듦퀎 議고쉶???ㅽ뙣?덉뒿?덈떎."[3
9m)[33m,[39m[0m

      at DonationAppli
cationService.getDonat
ionStats (src/bounded-
contexts/donation/appl
ication/services/donat
ion.application-servic
e.ts:300:22)
      at Object.<anony
mous> (src/bounded-con
texts/donation/applica
tion/services/donation
.application-service.t
est.ts:316:22)

  ??DonationApplicatio
nService ??createDonat
ion ??湲곕? ?앹꽦 ?좎뒪耳?댁뒪
瑜??щ컮瑜닿쾶 ?몄텧?댁빞 ?쒕떎

    TypeError: donatio
n.getId is not a funct
ion

    [0m [90m 542 |[
39m   [36mprivate[39
m mapDonationToRespons
e(donation[33m:[39m 
[33mDonation[39m)[3
3m:[39m [33mDonation
Response[39m {
     [90m 543 |[39m 
    [36mreturn[39m {
    [31m[1m>[22m[3
9m[90m 544 |[39m    
   id[33m:[39m donat
ion[33m.[39mgetId()
[33m.[39mgetValue()[
33m,[39m
     [90m     |[39m 
                   [3
1m[1m^[22m[39m
     [90m 545 |[39m 
      donorId[33m:[3
9m donation[33m.[39m
getDonorId()[33m.[39
mtoString()[33m,[39m
     [90m 546 |[39m 
      type[33m:[39m 
donation[33m.[39mget
DonationType()[33m,[
39m
     [90m 547 |[39m 
      amount[33m:[39
m donation[33m.[39mg
etAmount()[33m.[39mg
etValue()[33m,[39m[
0m

      at DonationAppli
cationService.mapDonat
ionToResponse (src/bou
nded-contexts/donation
/application/services/
donation.application-s
ervice.ts:544:20)
      at DonationAppli
cationService.createDo
nation (src/bounded-co
ntexts/donation/applic
ation/services/donatio
n.application-service.
ts:74:35)
      at Object.<anony
mous> (src/bounded-con
texts/donation/applica
tion/services/donation
.application-service.t
est.ts:354:22)

  ??DonationApplicatio
nService ??getInstitut
es ??紐⑤뱺 湲곌? 紐⑸줉??諛섑솚?
댁빞 ?쒕떎

    expect(received).t
oEqual(expected) // de
ep equality

    - Expected  - 12
    + Received  +  1

    - Array [
    -   Object {
    -     "category": 
"EDUCATION",
    -     "id": "inst-
1",
    -     "name": "Ins
titute 1",
    -   },
    -   Object {
    -     "category": 
"HEALTH",
    -     "id": "inst-
2",
    -     "name": "Ins
titute 2",
    -   },
    - ]
    + Array []

    [0m [90m 420 |[
39m       expect(resul
t[33m.[39msuccess)[
33m.[39mtoBe([36mtru
e[39m)[33m;[39m
     [90m 421 |[39m 
      [36mif[39m (re
sult[33m.[39msuccess
) {
    [31m[1m>[22m[3
9m[90m 422 |[39m    
     expect(result[33
m.[39mdata)[33m.[39
mtoEqual(mockInstitute
s)[33m;[39m
     [90m     |[39m 
                      
      [31m[1m^[22m
[39m
     [90m 423 |[39m 
      }
     [90m 424 |[39m
     [90m 425 |[39m 
      expect(mockInsti
tuteRepository[33m.[
39mfindAll)[33m.[39m
toHaveBeenCalled()[33
m;[39m[0m

      at Object.<anony
mous> (src/bounded-con
texts/donation/applica
tion/services/donation
.application-service.t
est.ts:422:29)

  ??DonationApplicatio
nService ??getOpinionL
eaders ??紐⑤뱺 ?ㅽ뵾?덉뼵 由щ
뜑 紐⑸줉??諛섑솚?댁빞 ?쒕떎

    expect(received).t
oEqual(expected) // de
ep equality

    - Expected  - 12
    + Received  +  1

    - Array [
    -   Object {
    -     "category": 
"EDUCATION",
    -     "id": "leade
r-1",
    -     "name": "Lea
der 1",
    -   },
    -   Object {
    -     "category": 
"ENVIRONMENT",
    -     "id": "leade
r-2",
    -     "name": "Lea
der 2",
    -   },
    - ]
    + Array []

    [0m [90m 446 |[
39m       expect(resul
t[33m.[39msuccess)[
33m.[39mtoBe([36mtru
e[39m)[33m;[39m
     [90m 447 |[39m 
      [36mif[39m (re
sult[33m.[39msuccess
) {
    [31m[1m>[22m[3
9m[90m 448 |[39m    
     expect(result[33
m.[39mdata)[33m.[39
mtoEqual(mockOpinionLe
aders)[33m;[39m
     [90m     |[39m 
                      
      [31m[1m^[22m
[39m
     [90m 449 |[39m 
      }
     [90m 450 |[39m
     [90m 451 |[39m 
      expect(mockOpini
onLeaderRepository[33
m.[39mfindAll)[33m.
[39mtoHaveBeenCalled()
[33m;[39m[0m

      at Object.<anony
mous> (src/bounded-con
texts/donation/applica
tion/services/donation
.application-service.t
est.ts:448:29)

  ??DonationApplicatio
nService ???덉쇅 泥섎━ ???
덇린移??딆? ?먮윭 諛쒖깮 ???곸젅?
?泥섎━?댁빞 ?쒕떎

    Unexpected error

    [0m [90m 459 |[
39m
     [90m 460 |[39m 
      mockDonationRepo
sitory[33m.[39mfindB
yDonorId[33m.[39mmoc
kImplementation(() [3
3m=>[39m {
    [31m[1m>[22m[3
9m[90m 461 |[39m    
     [36mthrow[39m 
[36mnew[39m [33mErro
r[39m([32m"Unexpecte
d error"[39m)[33m;[
39m
     [90m     |[39m 
              [31m[1
m^[22m[39m
     [90m 462 |[39m 
      })[33m;[39m
     [90m 463 |[39m
     [90m 464 |[39m 
      [90m// When[39
m[0m

      at Object.<anony
mous> (src/bounded-con
texts/donation/applica
tion/services/donation
.application-service.t
est.ts:461:15)
      at DonationAppli
cationService.getDonat
ionsByDonor (src/bound
ed-contexts/donation/a
pplication/services/do
nation.application-ser
vice.ts:117:50)
      at DonationAppli
cationService.getDonat
ions (src/bounded-cont
exts/donation/applicat
ion/services/donation.
application-service.ts
:107:17)
      at Object.<anony
mous> (src/bounded-con
texts/donation/applica
tion/services/donation
.application-service.t
est.ts:465:36)

FAIL src/bounded-conte
xts/prediction/domain/
entities/__tests__/pre
diction-game.aggregate
.test.ts
  ??PredictionGame Agg
regate ??Aggregate Cre
ation ???щ컮瑜??곗씠?곕줈 ?덉
륫 寃뚯엫???앹꽦?????덈떎

    expect(received).t
oBe(expected) // Objec
t.is equality

    Expected: "test-ga
me-1763724188711"
    Received: "bfcd9ea
2-1e74-49d7-9ad4-aa46c
b8c2c35"

    [0m [90m 65 |[3
9m       expect(result
[33m.[39msuccess)[3
3m.[39mtoBe([36mtrue
[39m)[33m;[39m
     [90m 66 |[39m  
     [36mif[39m (res
ult[33m.[39msuccess)
 {
    [31m[1m>[22m[3
9m[90m 67 |[39m     
    expect(result[33m
.[39mdata[33m.[39mg
etId())[33m.[39mtoBe
(gameId)[33m;[39m
     [90m    |[39m  
                      
             [31m[1m
^[22m[39m
     [90m 68 |[39m  
       expect(result[
33m.[39mdata[33m.[3
9mgetTitle())[33m.[3
9mtoBe([32m"Test Pred
iction Game"[39m)[33
m;[39m
     [90m 69 |[39m  
       expect(result[
33m.[39mdata[33m.[3
9mgetStatus())[33m.[
39mtoBe([33mGameStatu
s[39m[33m.[39m[33m
PENDING[39m)[33m;[3
9m
     [90m 70 |[39m  
     }[0m

      at Object.<anony
mous> (src/bounded-con
texts/prediction/domai
n/entities/__tests__/p
rediction-game.aggrega
te.test.ts:67:37)

  ??PredictionGame Agg
regate ??Aggregate Cre
ation ??理쒖냼 ?ㅽ뀒?댄겕媛 理
쒕? ?ㅽ뀒?댄겕蹂대떎 ?щ㈃ 寃뚯엫??
?앹꽦?????녿떎

    expect(received).t
oBe(expected) // Objec
t.is equality

    Expected: false
    Received: true

    [0m [90m 113 |[
39m
     [90m 114 |[39m 
      [90m// Then[39
m
    [31m[1m>[22m[3
9m[90m 115 |[39m    
   expect(result[33m.
[39msuccess)[33m.[3
9mtoBe([36mfalse[39m
)[33m;[39m
     [90m     |[39m 
                      
       [31m[1m^[22m
[39m
     [90m 116 |[39m 
    })[33m;[39m
     [90m 117 |[39m 
  })[33m;[39m
     [90m 118 |[39m
[0m

      at Object.<anony
mous> (src/bounded-con
texts/prediction/domai
n/entities/__tests__/p
rediction-game.aggrega
te.test.ts:115:30)

  ??PredictionGame Agg
regate ??Prediction Ma
nagement ???쒖꽦 寃뚯엫???덉
륫??異붽??????덈떎

    TypeError: game.ge
tPredictions is not a 
function

    [0m [90m 195 |[
39m       [90m// Then
[39m
     [90m 196 |[39m 
      expect(result[3
3m.[39msuccess)[33m.
[39mtoBe([36mtrue[3
9m)[33m;[39m
    [31m[1m>[22m[3
9m[90m 197 |[39m    
   expect(game[33m.[
39mgetPredictions())[
33m.[39mtoHaveLength(
[35m1[39m)[33m;[39
m
     [90m     |[39m 
                  [31
m[1m^[22m[39m
     [90m 198 |[39m 
    })[33m;[39m
     [90m 199 |[39m
     [90m 200 |[39m 
    it([32m"鍮꾪솢??寃뚯엫?
먮뒗 ?덉륫??異붽??????녿떎"[3
9m[33m,[39m () [33m
=>[39m {[0m

      at Object.<anony
mous> (src/bounded-con
texts/prediction/domai
n/entities/__tests__/p
rediction-game.aggrega
te.test.ts:197:19)

  ??PredictionGame Agg
regate ??Prediction Ma
nagement ??理쒖냼 ?ㅽ뀒?댄겕蹂
대떎 ?곸? 湲덉븸?쇰줈???덉륫????
?녿떎

    expect(received).t
oBe(expected) // Objec
t.is equality

    Expected: false
    Received: true

    [0m [90m 228 |[
39m
     [90m 229 |[39m 
      [90m// Then[39
m
    [31m[1m>[22m[3
9m[90m 230 |[39m    
   expect(result[33m.
[39msuccess)[33m.[3
9mtoBe([36mfalse[39m
)[33m;[39m
     [90m     |[39m 
                      
       [31m[1m^[22m
[39m
     [90m 231 |[39m 
    })[33m;[39m
     [90m 232 |[39m
     [90m 233 |[39m 
    it([32m"理쒕? ?ㅽ뀒?댄
겕蹂대떎 留롮? 湲덉븸?쇰줈???덉륫??
???녿떎"[39m[33m,[39m
 () [33m=>[39m {[0m

      at Object.<anony
mous> (src/bounded-con
texts/prediction/domai
n/entities/__tests__/p
rediction-game.aggrega
te.test.ts:230:30)

  ??PredictionGame Agg
regate ??Prediction Ma
nagement ??理쒕? ?ㅽ뀒?댄겕蹂
대떎 留롮? 湲덉븸?쇰줈???덉륫????
?녿떎

    expect(received).t
oBe(expected) // Objec
t.is equality

    Expected: false
    Received: true

    [0m [90m 244 |[
39m
     [90m 245 |[39m 
      [90m// Then[39
m
    [31m[1m>[22m[3
9m[90m 246 |[39m    
   expect(result[33m.
[39msuccess)[33m.[3
9mtoBe([36mfalse[39m
)[33m;[39m
     [90m     |[39m 
                      
       [31m[1m^[22m
[39m
     [90m 247 |[39m 
    })[33m;[39m
     [90m 248 |[39m 
  })[33m;[39m
     [90m 249 |[39m
[0m

      at Object.<anony
mous> (src/bounded-con
texts/prediction/domai
n/entities/__tests__/p
rediction-game.aggrega
te.test.ts:246:30)

  ??PredictionGame Agg
regate ??Game Settleme
nt ??寃뚯엫???뺤궛?????덈떎

    TypeError: predict
ion.setResult is not a
 function

    [0m [90m 190 |[
39m
     [90m 191 |[39m 
    [36mfor[39m ([3
6mconst[39m predictio
n [36mof[39m losingP
redictions) {
    [31m[1m>[22m[3
9m[90m 192 |[39m    
   prediction[33m.[3
9msetResult({
     [90m     |[39m 
                 [31m
[1m^[22m[39m
     [90m 193 |[39m 
        result[33m:[
39m [33mPredictionRes
ultEnum[39m[33m.[39
m[33mINCORRECT[39m[
33m,[39m
     [90m 194 |[39m 
        accuracyScore
[33m:[39m [35m0[39m
 [36mas[39m [33mAcc
uracyScore[39m[33m,
[39m
     [90m 195 |[39m 
        reward[33m:[
39m createPmpAmount([
35m0[39m) [36mas[39
m any[33m,[39m[0m

      at PredictionGam
e.settle (src/bounded-
contexts/prediction/do
main/entities/predicti
on-game.aggregate.ts:1
92:18)
      at Object.<anony
mous> (src/bounded-con
texts/prediction/domai
n/entities/__tests__/p
rediction-game.aggrega
te.test.ts:281:27)

  ??PredictionGame Agg
regate ??Game Settleme
nt ???섎せ??寃곌낵濡쒕뒗 ?뺤궛??
???녿떎

    TypeError: predict
ion.setResult is not a
 function

    [0m [90m 190 |[
39m
     [90m 191 |[39m 
    [36mfor[39m ([3
6mconst[39m predictio
n [36mof[39m losingP
redictions) {
    [31m[1m>[22m[3
9m[90m 192 |[39m    
   prediction[33m.[3
9msetResult({
     [90m     |[39m 
                 [31m
[1m^[22m[39m
     [90m 193 |[39m 
        result[33m:[
39m [33mPredictionRes
ultEnum[39m[33m.[39
m[33mINCORRECT[39m[
33m,[39m
     [90m 194 |[39m 
        accuracyScore
[33m:[39m [35m0[39m
 [36mas[39m [33mAcc
uracyScore[39m[33m,
[39m
     [90m 195 |[39m 
        reward[33m:[
39m createPmpAmount([
35m0[39m) [36mas[39
m any[33m,[39m[0m

      at PredictionGam
e.settle (src/bounded-
contexts/prediction/do
main/entities/predicti
on-game.aggregate.ts:1
92:18)
      at Object.<anony
mous> (src/bounded-con
texts/prediction/domai
n/entities/__tests__/p
rediction-game.aggrega
te.test.ts:305:27)

  ??PredictionGame Agg
regate ??Domain Events
 ??寃뚯엫 ?앹꽦???꾨찓???대깽?멸
? 諛쒖깮?쒕떎

    expect(received).t
oHaveLength(expected)

    Expected length: 1
    Received length: 0
    Received array:  [
]

    [0m [90m 326 |[
39m
     [90m 327 |[39m 
      [90m// Then[39
m
    [31m[1m>[22m[3
9m[90m 328 |[39m    
   expect(events)[33m
.[39mtoHaveLength([3
5m1[39m)[33m;[39m
     [90m     |[39m 
                     
[31m[1m^[22m[39m
     [90m 329 |[39m 
      expect(events[[
35m0[39m][33m.[39ma
ggregateId)[33m.[39m
toBe(gameId)[33m;[39
m
     [90m 330 |[39m 
    })[33m;[39m
     [90m 331 |[39m
[0m

      at Object.<anony
mous> (src/bounded-con
texts/prediction/domai
n/entities/__tests__/p
rediction-game.aggrega
te.test.ts:328:22)

  ??PredictionGame Agg
regate ??Domain Events
 ??寃뚯엫 ?쒖꽦?붿떆 ?꾨찓???대깽
?멸? 諛쒖깮?쒕떎

    expect(received).t
oHaveLength(expected)

    Expected length: 1
    Received length: 0
    Received array:  [
]

    [0m [90m 339 |[
39m
     [90m 340 |[39m 
      [90m// Then[39
m
    [31m[1m>[22m[3
9m[90m 341 |[39m    
   expect(events)[33m
.[39mtoHaveLength([3
5m1[39m)[33m;[39m
     [90m     |[39m 
                     
[31m[1m^[22m[39m
     [90m 342 |[39m 
    })[33m;[39m
     [90m 343 |[39m
     [90m 344 |[39m 
    it([32m"?덉륫 異붽???
?꾨찓???대깽?멸? 諛쒖깮?쒕떎"[3
9m[33m,[39m () [33m
=>[39m {[0m

      at Object.<anony
mous> (src/bounded-con
texts/prediction/domai
n/entities/__tests__/p
rediction-game.aggrega
te.test.ts:341:22)

  ??PredictionGame Agg
regate ??Domain Events
 ???덉륫 異붽????꾨찓???대깽?멸
? 諛쒖깮?쒕떎

    expect(received).t
oHaveLength(expected)

    Expected length: 1
    Received length: 0
    Received array:  [
]

    [0m [90m 357 |[
39m
     [90m 358 |[39m 
      [90m// Then[39
m
    [31m[1m>[22m[3
9m[90m 359 |[39m    
   expect(events)[33m
.[39mtoHaveLength([3
5m1[39m)[33m;[39m
     [90m     |[39m 
                     
[31m[1m^[22m[39m
     [90m 360 |[39m 
    })[33m;[39m
     [90m 361 |[39m 
  })[33m;[39m
     [90m 362 |[39m
[0m

      at Object.<anony
mous> (src/bounded-con
texts/prediction/domai
n/entities/__tests__/p
rediction-game.aggrega
te.test.ts:359:22)

  ??PredictionGame Agg
regate ??Business Rule
s ???숈씪 ?ъ슜?먮뒗 以묐났 ?덉륫
???????녿떎

    expect(received).t
oBe(expected) // Objec
t.is equality

    Expected: false
    Received: true

    [0m [90m 392 |[
39m
     [90m 393 |[39m 
      [90m// Then[39
m
    [31m[1m>[22m[3
9m[90m 394 |[39m    
   expect(result[33m.
[39msuccess)[33m.[3
9mtoBe([36mfalse[39m
)[33m;[39m
     [90m     |[39m 
                      
       [31m[1m^[22m
[39m
     [90m 395 |[39m 
      expect(game[33m
.[39mgetPredictions()
)[33m.[39mtoHaveLeng
th([35m1[39m)[33m;
[39m
     [90m 396 |[39m 
    })[33m;[39m
     [90m 397 |[39m
[0m

      at Object.<anony
mous> (src/bounded-con
texts/prediction/domai
n/entities/__tests__/p
rediction-game.aggrega
te.test.ts:394:30)

  ??PredictionGame Agg
regate ??Business Rule
s ??理쒕? 李몄뿬???섎? 珥덇낵??
???녿떎

    TypeError: limited
Game.data.getPredictio
ns is not a function

    [0m [90m 426 |[
39m         [90m// Th
en[39m
     [90m 427 |[39m 
        expect(result
[33m.[39msuccess)[33
m.[39mtoBe([36mfalse
[39m)[33m;[39m
    [31m[1m>[22m[3
9m[90m 428 |[39m    
     expect(limitedGam
e[33m.[39mdata[33m.
[39mgetPredictions())
[33m.[39mtoHaveLengt
h([35m1[39m)[33m;[
39m
     [90m     |[39m 
                      
          [31m[1m^[
22m[39m
     [90m 429 |[39m 
      }
     [90m 430 |[39m 
    })[33m;[39m
     [90m 431 |[39m 
  })[33m;[39m[0m

      at Object.<anony
mous> (src/bounded-con
texts/prediction/domai
n/entities/__tests__/p
rediction-game.aggrega
te.test.ts:428:33)

FAIL src/bounded-conte
xts/auth/infrastructur
e/repositories/__tests
__/mcp-auth.repository
.test.ts (5.984 s)
  ??MCPAuthRepository 
??getSession ??should 
successfully get sessi
on by ID

    expect(received).t
oBe(expected) // Objec
t.is equality

    Expected: true
    Received: false

    [0m [90m 56 |[3
9m
     [90m 57 |[39m  
     [90m// Assert[3
9m
    [31m[1m>[22m[3
9m[90m 58 |[39m     
  expect(result[33m.
[39msuccess)[33m.[39
mtoBe([36mtrue[39m)
[33m;[39m
     [90m    |[39m  
                      
      [31m[1m^[22m
[39m
     [90m 59 |[39m  
     [36mif[39m (res
ult[33m.[39msuccess)
 {
     [90m 60 |[39m  
       expect(result[
33m.[39mdata)[33m.[
39mtoBeDefined()[33m;
[39m
     [90m 61 |[39m  
     }[0m

      at Object.<anony
mous> (src/bounded-con
texts/auth/infrastruct
ure/repositories/__tes
ts__/mcp-auth.reposito
ry.test.ts:58:30)

  ??MCPAuthRepository 
??getSession ??should 
return null when sessi
on not found

    expect(received).t
oBe(expected) // Objec
t.is equality

    Expected: true
    Received: false

    [0m [90m 76 |[3
9m
     [90m 77 |[39m  
     [90m// Assert[3
9m
    [31m[1m>[22m[3
9m[90m 78 |[39m     
  expect(result[33m.
[39msuccess)[33m.[39
mtoBe([36mtrue[39m)
[33m;[39m
     [90m    |[39m  
                      
      [31m[1m^[22m
[39m
     [90m 79 |[39m  
     [36mif[39m (res
ult[33m.[39msuccess)
 {
     [90m 80 |[39m  
       expect(result[
33m.[39mdata)[33m.[
39mtoBeNull()[33m;[3
9m
     [90m 81 |[39m  
     }[0m

      at Object.<anony
mous> (src/bounded-con
texts/auth/infrastruct
ure/repositories/__tes
ts__/mcp-auth.reposito
ry.test.ts:78:30)

  ??MCPAuthRepository 
??getSession ??should 
handle SQL execution e
rrors

    expect(received).t
oBe(expected) // Objec
t.is equality

    Expected: "GET_SES
SION_ERROR"
    Received: "Failed 
to get session: Supaba
seMCPError: Failed to 
execute SQL query"

    [0m [90m 94 |[3
9m       expect(result
[33m.[39msuccess)[3
3m.[39mtoBe([36mfals
e[39m)[33m;[39m
     [90m 95 |[39m  
     [36mif[39m (res
ult[33m.[39msuccess 
[33m===[39m [36mfal
se[39m) {
    [31m[1m>[22m[3
9m[90m 96 |[39m     
    expect(result[33m
.[39merror[33m.[39m
message)[33m.[39mtoB
e([32m"GET_SESSION_ER
ROR"[39m)[33m;[39m
     [90m    |[39m  
                      
              [31m[1
m^[22m[39m
     [90m 97 |[39m  
     }
     [90m 98 |[39m  
   })[33m;[39m
     [90m 99 |[39m  
 })[33m;[39m[0m

      at Object.<anony
mous> (src/bounded-con
texts/auth/infrastruct
ure/repositories/__tes
ts__/mcp-auth.reposito
ry.test.ts:96:38)

  ??MCPAuthRepository 
??getUserCredentials ?
?should successfully g
et user credentials

    expect(received).t
oBe(expected) // Objec
t.is equality

    Expected: true
    Received: false

    [0m [90m 119 |[
39m
     [90m 120 |[39m 
      [90m// Assert[
39m
    [31m[1m>[22m[3
9m[90m 121 |[39m    
   expect(result[33m.
[39msuccess)[33m.[3
9mtoBe([36mtrue[39m)
[33m;[39m
     [90m     |[39m 
                      
       [31m[1m^[22m
[39m
     [90m 122 |[39m 
      [36mif[39m (re
sult[33m.[39msuccess
) {
     [90m 123 |[39m 
        expect(result
[33m.[39mdata)[33m.
[39mtoBeDefined()[33m
;[39m
     [90m 124 |[39m 
      }[0m

      at Object.<anony
mous> (src/bounded-con
texts/auth/infrastruct
ure/repositories/__tes
ts__/mcp-auth.reposito
ry.test.ts:121:30)

  ??MCPAuthRepository 
??getUserCredentials ?
?should return null wh
en credentials not fou
nd

    expect(received).t
oBe(expected) // Objec
t.is equality

    Expected: true
    Received: false

    [0m [90m 136 |[
39m
     [90m 137 |[39m 
      [90m// Assert[
39m
    [31m[1m>[22m[3
9m[90m 138 |[39m    
   expect(result[33m.
[39msuccess)[33m.[3
9mtoBe([36mtrue[39m)
[33m;[39m
     [90m     |[39m 
                      
       [31m[1m^[22m
[39m
     [90m 139 |[39m 
      [36mif[39m (re
sult[33m.[39msuccess
) {
     [90m 140 |[39m 
        expect(result
[33m.[39mdata)[33m.
[39mtoBeNull()[33m;[
39m
     [90m 141 |[39m 
      }[0m

      at Object.<anony
mous> (src/bounded-con
texts/auth/infrastruct
ure/repositories/__tes
ts__/mcp-auth.reposito
ry.test.ts:138:30)

  ??MCPAuthRepository 
??getUserCredentials ?
?should handle credent
ial lookup errors

    expect(received).t
oBe(expected) // Objec
t.is equality

    Expected: "Credent
ial lookup failed"
    Received: "Failed 
to get user credential
s: SupabaseMCPError: F
ailed to execute SQL q
uery"

    [0m [90m 155 |[
39m       [36mif[39m
 (result[33m.[39msuc
cess [33m===[39m [3
6mfalse[39m) {
     [90m 156 |[39m 
        expect(result
[33m.[39merror)[33m.
[39mtoStrictEqual(exp
ect[33m.[39many([33
mError[39m))[33m;[3
9m
    [31m[1m>[22m[3
9m[90m 157 |[39m    
     expect(result[33
m.[39merror[33m.[39
mmessage)[33m.[39mto
Be([32m"Credential lo
okup failed"[39m)[33
m;[39m
     [90m     |[39m 
                      
               [31m[
1m^[22m[39m
     [90m 158 |[39m 
      }
     [90m 159 |[39m 
    })[33m;[39m
     [90m 160 |[39m 
  })[33m;[39m[0m

      at Object.<anony
mous> (src/bounded-con
texts/auth/infrastruct
ure/repositories/__tes
ts__/mcp-auth.reposito
ry.test.ts:157:38)

  ??MCPAuthRepository 
??invalidateSession ??
should successfully in
validate session

    expect(received).t
oBe(expected) // Objec
t.is equality

    Expected: true
    Received: false

    [0m [90m 172 |[
39m
     [90m 173 |[39m 
      [90m// Assert[
39m
    [31m[1m>[22m[3
9m[90m 174 |[39m    
   expect(result[33m.
[39msuccess)[33m.[3
9mtoBe([36mtrue[39m)
[33m;[39m
     [90m     |[39m 
                      
       [31m[1m^[22m
[39m
     [90m 175 |[39m 
      expect(mockMcpAd
apter[33m.[39mexecut
eSQL)[33m.[39mtoHave
BeenCalledWith(
     [90m 176 |[39m 
        expect[33m.[
39mstringContaining([
32m"UPDATE"[39m)
     [90m 177 |[39m 
      )[33m;[39m[0m

      at Object.<anony
mous> (src/bounded-con
texts/auth/infrastruct
ure/repositories/__tes
ts__/mcp-auth.reposito
ry.test.ts:174:30)

  ??MCPAuthRepository 
??invalidateSession ??
should handle invalida
tion errors

    expect(received).t
oBe(expected) // Objec
t.is equality

    Expected: "Invalid
ation failed"
    Received: "Failed 
to invalidate session:
 SupabaseMCPError: Fai
led to execute SQL que
ry"

    [0m [90m 191 |[
39m       [36mif[39m
 (result[33m.[39msuc
cess [33m===[39m [3
6mfalse[39m) {
     [90m 192 |[39m 
        expect(result
[33m.[39merror)[33m.
[39mtoStrictEqual(exp
ect[33m.[39many([33
mError[39m))[33m;[3
9m
    [31m[1m>[22m[3
9m[90m 193 |[39m    
     expect(result[33
m.[39merror[33m.[39
mmessage)[33m.[39mto
Be([32m"Invalidation 
failed"[39m)[33m;[3
9m
     [90m     |[39m 
                      
               [31m[
1m^[22m[39m
     [90m 194 |[39m 
      }
     [90m 195 |[39m 
    })[33m;[39m
     [90m 196 |[39m 
  })[33m;[39m[0m

      at Object.<anony
mous> (src/bounded-con
texts/auth/infrastruct
ure/repositories/__tes
ts__/mcp-auth.reposito
ry.test.ts:193:38)

  ??MCPAuthRepository 
??getActiveSessions ??
should successfully ge
t active sessions for 
user

    expect(received).t
oBe(expected) // Objec
t.is equality

    Expected: true
    Received: false

    [0m [90m 223 |[
39m
     [90m 224 |[39m 
      [90m// Assert[
39m
    [31m[1m>[22m[3
9m[90m 225 |[39m    
   expect(result[33m.
[39msuccess)[33m.[3
9mtoBe([36mtrue[39m)
[33m;[39m
     [90m     |[39m 
                      
       [31m[1m^[22m
[39m
     [90m 226 |[39m 
      [36mif[39m (re
sult[33m.[39msuccess
) {
     [90m 227 |[39m 
        expect(result
[33m.[39mdata)[33m.
[39mtoHaveLength([35m
2[39m)[33m;[39m
     [90m 228 |[39m 
      }[0m

      at Object.<anony
mous> (src/bounded-con
texts/auth/infrastruct
ure/repositories/__tes
ts__/mcp-auth.reposito
ry.test.ts:225:30)

  ??MCPAuthRepository 
??getActiveSessions ??
should return empty ar
ray when no active ses
sions

    expect(received).t
oBe(expected) // Objec
t.is equality

    Expected: true
    Received: false

    [0m [90m 240 |[
39m
     [90m 241 |[39m 
      [90m// Assert[
39m
    [31m[1m>[22m[3
9m[90m 242 |[39m    
   expect(result[33m.
[39msuccess)[33m.[3
9mtoBe([36mtrue[39m)
[33m;[39m
     [90m     |[39m 
                      
       [31m[1m^[22m
[39m
     [90m 243 |[39m 
      [36mif[39m (re
sult[33m.[39msuccess
) {
     [90m 244 |[39m 
        expect(result
[33m.[39mdata)[33m.
[39mtoEqual([])[33m;
[39m
     [90m 245 |[39m 
      }[0m

      at Object.<anony
mous> (src/bounded-con
texts/auth/infrastruct
ure/repositories/__tes
ts__/mcp-auth.reposito
ry.test.ts:242:30)

  ??MCPAuthRepository 
??Repository Configura
tion ??should initiali
ze with correct projec
t ID

    expect(jest.fn()).
toHaveBeenCalled()

    Expected number of
 calls: >= 1
    Received number of
 calls:    0

    [0m [90m 254 |[
39m       [90m// Asse
rt[39m
     [90m 255 |[39m 
      expect(newReposi
tory)[33m.[39mtoBeIn
stanceOf([33mMCPAuthR
epository[39m)[33m;
[39m
    [31m[1m>[22m[3
9m[90m 256 |[39m    
   expect(createDefaul
tMCPAdapter)[33m.[39
mtoHaveBeenCalled()[3
3m;[39m
     [90m     |[39m 
                      
                [31m
[1m^[22m[39m
     [90m 257 |[39m 
    })[33m;[39m
     [90m 258 |[39m 
  })[33m;[39m
     [90m 259 |[39m 
})[33m;[39m[0m

      at Object.<anony
mous> (src/bounded-con
texts/auth/infrastruct
ure/repositories/__tes
ts__/mcp-auth.reposito
ry.test.ts:256:39)


Test Suites: 4 failed,
 27 passed, 31 total
Tests:       42 failed
, 411 passed, 453 tota
l
Snapshots:   0 total
Time:        7.891 s, 
estimated 10 s
Ran all test suites.
C:\G\posmul\apps\posmul-web:
?덭RR_PNPM_RECURSIVE_RUN_FIRST_FAIL??@posmul/posmul-web@0.1.0 test: `jest --passWithNoTests`
Exit status 1
